Archive member included to satisfy reference by file (symbol)

/Applications/STM32CubeIDE.app/Contents/Eclipse/plugins/com.st.stm32cube.ide.mcu.externaltools.gnu-tools-for-stm32.12.3.rel1.macos64_1.0.200.202406191456/tools/bin/../lib/gcc/arm-none-eabi/12.3.1/../../../../arm-none-eabi/lib/thumb/v7-m/nofp/libc_nano.a(libc_a-exit.o)
                              /Applications/STM32CubeIDE.app/Contents/Eclipse/plugins/com.st.stm32cube.ide.mcu.externaltools.gnu-tools-for-stm32.12.3.rel1.macos64_1.0.200.202406191456/tools/bin/../lib/gcc/arm-none-eabi/12.3.1/../../../../arm-none-eabi/lib/thumb/v7-m/nofp/crt0.o (exit)
/Applications/STM32CubeIDE.app/Contents/Eclipse/plugins/com.st.stm32cube.ide.mcu.externaltools.gnu-tools-for-stm32.12.3.rel1.macos64_1.0.200.202406191456/tools/bin/../lib/gcc/arm-none-eabi/12.3.1/../../../../arm-none-eabi/lib/thumb/v7-m/nofp/libc_nano.a(libc_a-findfp.o)
                              /Applications/STM32CubeIDE.app/Contents/Eclipse/plugins/com.st.stm32cube.ide.mcu.externaltools.gnu-tools-for-stm32.12.3.rel1.macos64_1.0.200.202406191456/tools/bin/../lib/gcc/arm-none-eabi/12.3.1/../../../../arm-none-eabi/lib/thumb/v7-m/nofp/libc_nano.a(libc_a-exit.o) (__stdio_exit_handler)
/Applications/STM32CubeIDE.app/Contents/Eclipse/plugins/com.st.stm32cube.ide.mcu.externaltools.gnu-tools-for-stm32.12.3.rel1.macos64_1.0.200.202406191456/tools/bin/../lib/gcc/arm-none-eabi/12.3.1/../../../../arm-none-eabi/lib/thumb/v7-m/nofp/libc_nano.a(libc_a-fwalk.o)
                              /Applications/STM32CubeIDE.app/Contents/Eclipse/plugins/com.st.stm32cube.ide.mcu.externaltools.gnu-tools-for-stm32.12.3.rel1.macos64_1.0.200.202406191456/tools/bin/../lib/gcc/arm-none-eabi/12.3.1/../../../../arm-none-eabi/lib/thumb/v7-m/nofp/libc_nano.a(libc_a-findfp.o) (_fwalk_sglue)
/Applications/STM32CubeIDE.app/Contents/Eclipse/plugins/com.st.stm32cube.ide.mcu.externaltools.gnu-tools-for-stm32.12.3.rel1.macos64_1.0.200.202406191456/tools/bin/../lib/gcc/arm-none-eabi/12.3.1/../../../../arm-none-eabi/lib/thumb/v7-m/nofp/libc_nano.a(libc_a-memset.o)
                              /Applications/STM32CubeIDE.app/Contents/Eclipse/plugins/com.st.stm32cube.ide.mcu.externaltools.gnu-tools-for-stm32.12.3.rel1.macos64_1.0.200.202406191456/tools/bin/../lib/gcc/arm-none-eabi/12.3.1/../../../../arm-none-eabi/lib/thumb/v7-m/nofp/crt0.o (memset)
/Applications/STM32CubeIDE.app/Contents/Eclipse/plugins/com.st.stm32cube.ide.mcu.externaltools.gnu-tools-for-stm32.12.3.rel1.macos64_1.0.200.202406191456/tools/bin/../lib/gcc/arm-none-eabi/12.3.1/../../../../arm-none-eabi/lib/thumb/v7-m/nofp/libc_nano.a(libc_a-impure.o)
                              /Applications/STM32CubeIDE.app/Contents/Eclipse/plugins/com.st.stm32cube.ide.mcu.externaltools.gnu-tools-for-stm32.12.3.rel1.macos64_1.0.200.202406191456/tools/bin/../lib/gcc/arm-none-eabi/12.3.1/../../../../arm-none-eabi/lib/thumb/v7-m/nofp/libc_nano.a(libc_a-findfp.o) (_impure_data)
/Applications/STM32CubeIDE.app/Contents/Eclipse/plugins/com.st.stm32cube.ide.mcu.externaltools.gnu-tools-for-stm32.12.3.rel1.macos64_1.0.200.202406191456/tools/bin/../lib/gcc/arm-none-eabi/12.3.1/../../../../arm-none-eabi/lib/thumb/v7-m/nofp/libc_nano.a(libc_a-errno.o)
                              ./Core/Src/syscalls.o (__errno)
/Applications/STM32CubeIDE.app/Contents/Eclipse/plugins/com.st.stm32cube.ide.mcu.externaltools.gnu-tools-for-stm32.12.3.rel1.macos64_1.0.200.202406191456/tools/bin/../lib/gcc/arm-none-eabi/12.3.1/../../../../arm-none-eabi/lib/thumb/v7-m/nofp/libc_nano.a(libc_a-init.o)
                              /Applications/STM32CubeIDE.app/Contents/Eclipse/plugins/com.st.stm32cube.ide.mcu.externaltools.gnu-tools-for-stm32.12.3.rel1.macos64_1.0.200.202406191456/tools/bin/../lib/gcc/arm-none-eabi/12.3.1/../../../../arm-none-eabi/lib/thumb/v7-m/nofp/crt0.o (__libc_init_array)
/Applications/STM32CubeIDE.app/Contents/Eclipse/plugins/com.st.stm32cube.ide.mcu.externaltools.gnu-tools-for-stm32.12.3.rel1.macos64_1.0.200.202406191456/tools/bin/../lib/gcc/arm-none-eabi/12.3.1/../../../../arm-none-eabi/lib/thumb/v7-m/nofp/libc_nano.a(libc_a-lock.o)
                              /Applications/STM32CubeIDE.app/Contents/Eclipse/plugins/com.st.stm32cube.ide.mcu.externaltools.gnu-tools-for-stm32.12.3.rel1.macos64_1.0.200.202406191456/tools/bin/../lib/gcc/arm-none-eabi/12.3.1/../../../../arm-none-eabi/lib/thumb/v7-m/nofp/libc_nano.a(libc_a-findfp.o) (__retarget_lock_init_recursive)
/Applications/STM32CubeIDE.app/Contents/Eclipse/plugins/com.st.stm32cube.ide.mcu.externaltools.gnu-tools-for-stm32.12.3.rel1.macos64_1.0.200.202406191456/tools/bin/../lib/gcc/arm-none-eabi/12.3.1/../../../../arm-none-eabi/lib/thumb/v7-m/nofp/libc_nano.a(libc_a-mallocr.o)
[...]
Memory Configuration

Name             Origin             Length             Attributes
RAM              0x20000000         0x0000c000         xrw
FLASH            0x08000000         0x00040000         xr
*default*        0x00000000         0xffffffff

Linker script and memory map

LOAD /Applications/STM32CubeIDE.app/Contents/Eclipse/plugins/com.st.stm32cube.ide.mcu.externaltools.gnu-tools-for-stm32.12.3.rel1.macos64_1.0.200.202406191456/tools/bin/../lib/gcc/arm-none-eabi/12.3.1/thumb/v7-m/nofp/crti.o
LOAD /Applications/STM32CubeIDE.app/Contents/Eclipse/plugins/com.st.stm32cube.ide.mcu.externaltools.gnu-tools-for-stm32.12.3.rel1.macos64_1.0.200.202406191456/tools/bin/../lib/gcc/arm-none-eabi/12.3.1/thumb/v7-m/nofp/crtbegin.o
LOAD /Applications/STM32CubeIDE.app/Contents/Eclipse/plugins/com.st.stm32cube.ide.mcu.externaltools.gnu-tools-for-stm32.12.3.rel1.macos64_1.0.200.202406191456/tools/bin/../lib/gcc/arm-none-eabi/12.3.1/../../../../arm-none-eabi/lib/thumb/v7-m/nofp/crt0.o
LOAD ./Core/Src/gpio.o
LOAD ./Core/Src/main.o
LOAD ./Core/Src/stm32f1xx_hal_msp.o
LOAD ./Core/Src/stm32f1xx_it.o
LOAD ./Core/Src/syscalls.o
LOAD ./Core/Src/sysmem.o
LOAD ./Core/Src/system_stm32f1xx.o
LOAD ./Core/Startup/startup_stm32f103rctx.o
LOAD ./Drivers/STM32F1xx_HAL_Driver/Src/stm32f1xx_hal.o
LOAD ./Drivers/STM32F1xx_HAL_Driver/Src/stm32f1xx_hal_cortex.o
LOAD ./Drivers/STM32F1xx_HAL_Driver/Src/stm32f1xx_hal_dma.o
LOAD ./Drivers/STM32F1xx_HAL_Driver/Src/stm32f1xx_hal_exti.o
LOAD ./Drivers/STM32F1xx_HAL_Driver/Src/stm32f1xx_hal_flash.o
LOAD ./Drivers/STM32F1xx_HAL_Driver/Src/stm32f1xx_hal_flash_ex.o
LOAD ./Drivers/STM32F1xx_HAL_Driver/Src/stm32f1xx_hal_gpio.o
LOAD ./Drivers/STM32F1xx_HAL_Driver/Src/stm32f1xx_hal_gpio_ex.o
LOAD ./Drivers/STM32F1xx_HAL_Driver/Src/stm32f1xx_hal_pwr.o
LOAD ./Drivers/STM32F1xx_HAL_Driver/Src/stm32f1xx_hal_rcc.o
LOAD ./Drivers/STM32F1xx_HAL_Driver/Src/stm32f1xx_hal_rcc_ex.o
LOAD ./Drivers/STM32F1xx_HAL_Driver/Src/stm32f1xx_hal_tim.o
LOAD ./Drivers/STM32F1xx_HAL_Driver/Src/stm32f1xx_hal_tim_ex.o
START GROUP
LOAD /Applications/STM32CubeIDE.app/Contents/Eclipse/plugins/com.st.stm32cube.ide.mcu.externaltools.gnu-tools-for-stm32.12.3.rel1.macos64_1.0.200.202406191456/tools/bin/../lib/gcc/arm-none-eabi/12.3.1/../../../../arm-none-eabi/lib/thumb/v7-m/nofp/libc_nano.a
LOAD /Applications/STM32CubeIDE.app/Contents/Eclipse/plugins/com.st.stm32cube.ide.mcu.externaltools.gnu-tools-for-stm32.12.3.rel1.macos64_1.0.200.202406191456/tools/bin/../lib/gcc/arm-none-eabi/12.3.1/../../../../arm-none-eabi/lib/thumb/v7-m/nofp/libm.a
END GROUP
START GROUP
LOAD /Applications/STM32CubeIDE.app/Contents/Eclipse/plugins/com.st.stm32cube.ide.mcu.externaltools.gnu-tools-for-stm32.12.3.rel1.macos64_1.0.200.202406191456/tools/bin/../lib/gcc/arm-none-eabi/12.3.1/thumb/v7-m/nofp/libgcc.a
LOAD /Applications/STM32CubeIDE.app/Contents/Eclipse/plugins/com.st.stm32cube.ide.mcu.externaltools.gnu-tools-for-stm32.12.3.rel1.macos64_1.0.200.202406191456/tools/bin/../lib/gcc/arm-none-eabi/12.3.1/../../../../arm-none-eabi/lib/thumb/v7-m/nofp/libc_nano.a
END GROUP
START GROUP
LOAD /Applications/STM32CubeIDE.app/Contents/Eclipse/plugins/com.st.stm32cube.ide.mcu.externaltools.gnu-tools-for-stm32.12.3.rel1.macos64_1.0.200.202406191456/tools/bin/../lib/gcc/arm-none-eabi/12.3.1/thumb/v7-m/nofp/libgcc.a
LOAD /Applications/STM32CubeIDE.app/Contents/Eclipse/plugins/com.st.stm32cube.ide.mcu.externaltools.gnu-tools-for-stm32.12.3.rel1.macos64_1.0.200.202406191456/tools/bin/../lib/gcc/arm-none-eabi/12.3.1/../../../../arm-none-eabi/lib/thumb/v7-m/nofp/libc_nano.a
LOAD /Applications/STM32CubeIDE.app/Contents/Eclipse/plugins/com.st.stm32cube.ide.mcu.externaltools.gnu-tools-for-stm32.12.3.rel1.macos64_1.0.200.202406191456/tools/bin/../lib/gcc/arm-none-eabi/12.3.1/../../../../arm-none-eabi/lib/thumb/v7-m/nofp/libnosys.a
END GROUP
START GROUP
LOAD /Applications/STM32CubeIDE.app/Contents/Eclipse/plugins/com.st.stm32cube.ide.mcu.externaltools.gnu-tools-for-stm32.12.3.rel1.macos64_1.0.200.202406191456/tools/bin/../lib/gcc/arm-none-eabi/12.3.1/thumb/v7-m/nofp/libgcc.a
LOAD /Applications/STM32CubeIDE.app/Contents/Eclipse/plugins/com.st.stm32cube.ide.mcu.externaltools.gnu-tools-for-stm32.12.3.rel1.macos64_1.0.200.202406191456/tools/bin/../lib/gcc/arm-none-eabi/12.3.1/../../../../arm-none-eabi/lib/thumb/v7-m/nofp/libc_nano.a
LOAD /Applications/STM32CubeIDE.app/Contents/Eclipse/plugins/com.st.stm32cube.ide.mcu.externaltools.gnu-tools-for-stm32.12.3.rel1.macos64_1.0.200.202406191456/tools/bin/../lib/gcc/arm-none-eabi/12.3.1/../../../../arm-none-eabi/lib/thumb/v7-m/nofp/libnosys.a
END GROUP
LOAD /Applications/STM32CubeIDE.app/Contents/Eclipse/plugins/com.st.stm32cube.ide.mcu.externaltools.gnu-tools-for-stm32.12.3.rel1.macos64_1.0.200.202406191456/tools/bin/../lib/gcc/arm-none-eabi/12.3.1/thumb/v7-m/nofp/crtend.o
LOAD /Applications/STM32CubeIDE.app/Contents/Eclipse/plugins/com.st.stm32cube.ide.mcu.externaltools.gnu-tools-for-stm32.12.3.rel1.macos64_1.0.200.202406191456/tools/bin/../lib/gcc/arm-none-eabi/12.3.1/thumb/v7-m/nofp/crtn.o
                0x2000c000                        _estack = (ORIGIN (RAM) + LENGTH (RAM))
                0x00000200                        _Min_Heap_Size = 0x200
                0x00000400                        _Min_Stack_Size = 0x400

.isr_vector     0x08000000      0x1e4
                0x08000000                        . = ALIGN (0x4)
 *(.isr_vector)
 .isr_vector    0x08000000      0x1e4 ./Core/Startup/startup_stm32f103rctx.o
                0x08000000                g_pfnVectors
                0x080001e4                        . = ALIGN (0x4)

.text           0x080001e4     0x116c
                0x080001e4                        . = ALIGN (0x4)
 *(.text)
 .text          0x080001e4       0x40 /Applications/STM32CubeIDE.app/Contents/Eclipse/plugins/com.st.stm32cube.ide.mcu.externaltools.gnu-tools-for-stm32.12.3.rel1.macos64_1.0.200.202406191456/tools/bin/../lib/gcc/arm-none-eabi/12.3.1/thumb/v7-m/nofp/crtbegin.o
 *(.text*)
 .text.MX_GPIO_Init
                0x08000224       0xa8 ./Core/Src/gpio.o
                0x08000224                MX_GPIO_Init
 .text.main     0x080002cc       0x38 ./Core/Src/main.o
                0x080002cc                main
 .text.SystemClock_Config
                0x08000304       0x8a ./Core/Src/main.o
                0x08000304                SystemClock_Config
 .text.Error_Handler
                0x0800038e        0xc ./Core/Src/main.o
                0x0800038e                Error_Handler
 *fill*         0x0800039a        0x2 
 .text.HAL_MspInit
                0x0800039c       0x64 ./Core/Src/stm32f1xx_hal_msp.o
                0x0800039c                HAL_MspInit
 .text.NMI_Handler
                0x08000400        0x8 ./Core/Src/stm32f1xx_it.o
                0x08000400                NMI_Handler
 .text.HardFault_Handler
                0x08000408        0x8 ./Core/Src/stm32f1xx_it.o
                0x08000408                HardFault_Handler
 .text.MemManage_Handler
                0x08000410        0x8 ./Core/Src/stm32f1xx_it.o
                0x08000410                MemManage_Handler
 .text.BusFault_Handler
                0x08000418        0x8 ./Core/Src/stm32f1xx_it.o
                0x08000418                BusFault_Handler
 .text.UsageFault_Handler
                0x08000420        0x8 ./Core/Src/stm32f1xx_it.o
                0x08000420                UsageFault_Handler
 .text.SVC_Handler
                0x08000428        0xc ./Core/Src/stm32f1xx_it.o
                0x08000428                SVC_Handler
 .text.DebugMon_Handler
                0x08000434        0xc ./Core/Src/stm32f1xx_it.o
                0x08000434                DebugMon_Handler
 .text.PendSV_Handler
                0x08000440        0xc ./Core/Src/stm32f1xx_it.o
                0x08000440                PendSV_Handler
 .text.SysTick_Handler
                0x0800044c        0xc ./Core/Src/stm32f1xx_it.o
                0x0800044c                SysTick_Handler
 .text.SystemInit
                0x08000458        0xc ./Core/Src/system_stm32f1xx.o
                0x08000458                SystemInit
 .text.Reset_Handler
                0x08000464       0x48 ./Core/Startup/startup_stm32f103rctx.o
                0x08000464                Reset_Handler
 .text.Default_Handler
                0x080004ac        0x2 ./Core/Startup/startup_stm32f103rctx.o
                0x080004ac                DMA2_Channel3_IRQHandler
                0x080004ac                EXTI2_IRQHandler
                0x080004ac                TIM8_TRG_COM_IRQHandler
                0x080004ac                TIM8_CC_IRQHandler
                0x080004ac                TIM1_CC_IRQHandler
                0x080004ac                TIM6_IRQHandler
                0x080004ac                PVD_IRQHandler
                0x080004ac                SDIO_IRQHandler
                0x080004ac                EXTI3_IRQHandler
                0x080004ac                EXTI0_IRQHandler
                0x080004ac                I2C2_EV_IRQHandler
                0x080004ac                ADC1_2_IRQHandler
                0x080004ac                SPI1_IRQHandler
                0x080004ac                TAMPER_IRQHandler
                0x080004ac                TIM8_UP_IRQHandler
                0x080004ac                DMA2_Channel2_IRQHandler
                0x080004ac                DMA1_Channel4_IRQHandler
                0x080004ac                USART3_IRQHandler
                0x080004ac                RTC_IRQHandler
                0x080004ac                DMA1_Channel7_IRQHandler
                0x080004ac                CAN1_RX1_IRQHandler
                0x080004ac                UART5_IRQHandler
                0x080004ac                ADC3_IRQHandler
                0x080004ac                TIM4_IRQHandler
                0x080004ac                DMA2_Channel1_IRQHandler
                0x080004ac                I2C1_EV_IRQHandler
                0x080004ac                DMA1_Channel6_IRQHandler
                0x080004ac                UART4_IRQHandler
                0x080004ac                TIM3_IRQHandler
                0x080004ac                RCC_IRQHandler
                0x080004ac                TIM1_TRG_COM_IRQHandler
                0x080004ac                DMA1_Channel1_IRQHandler
                0x080004ac                Default_Handler
                0x080004ac                EXTI15_10_IRQHandler
                0x080004ac                TIM7_IRQHandler
                0x080004ac                TIM5_IRQHandler
                0x080004ac                EXTI9_5_IRQHandler
                0x080004ac                SPI2_IRQHandler
                0x080004ac                DMA1_Channel5_IRQHandler
                0x080004ac                EXTI4_IRQHandler
                0x080004ac                USB_LP_CAN1_RX0_IRQHandler
                0x080004ac                USB_HP_CAN1_TX_IRQHandler
                0x080004ac                DMA1_Channel3_IRQHandler
                0x080004ac                FSMC_IRQHandler
                0x080004ac                TIM1_UP_IRQHandler
                0x080004ac                WWDG_IRQHandler
                0x080004ac                TIM2_IRQHandler
                0x080004ac                TIM1_BRK_IRQHandler
                0x080004ac                EXTI1_IRQHandler
                0x080004ac                DMA2_Channel4_5_IRQHandler
                0x080004ac                USART2_IRQHandler
                0x080004ac                I2C2_ER_IRQHandler
                0x080004ac                DMA1_Channel2_IRQHandler
                0x080004ac                TIM8_BRK_IRQHandler
                0x080004ac                CAN1_SCE_IRQHandler
                0x080004ac                FLASH_IRQHandler
                0x080004ac                USART1_IRQHandler
                0x080004ac                SPI3_IRQHandler
                0x080004ac                I2C1_ER_IRQHandler
                0x080004ac                USBWakeUp_IRQHandler
                0x080004ac                RTC_Alarm_IRQHandler
 *fill*         0x080004ae        0x2 
 .text.HAL_Init
                0x080004b0       0x2c ./Drivers/STM32F1xx_HAL_Driver/Src/stm32f1xx_hal.o
                0x080004b0                HAL_Init
 .text.HAL_InitTick
                0x080004dc       0x60 ./Drivers/STM32F1xx_HAL_Driver/Src/stm32f1xx_hal.o
                0x080004dc                HAL_InitTick
 .text.HAL_IncTick
                0x0800053c       0x24 ./Drivers/STM32F1xx_HAL_Driver/Src/stm32f1xx_hal.o
                0x0800053c                HAL_IncTick
 .text.HAL_GetTick
                0x08000560       0x14 ./Drivers/STM32F1xx_HAL_Driver/Src/stm32f1xx_hal.o
                0x08000560                HAL_GetTick
 .text.HAL_Delay
                0x08000574       0x48 ./Drivers/STM32F1xx_HAL_Driver/Src/stm32f1xx_hal.o
                0x08000574                HAL_Delay
 .text.__NVIC_SetPriorityGrouping
                0x080005bc       0x48 ./Drivers/STM32F1xx_HAL_Driver/Src/stm32f1xx_hal_cortex.o
 .text.__NVIC_GetPriorityGrouping
                0x08000604       0x1c ./Drivers/STM32F1xx_HAL_Driver/Src/stm32f1xx_hal_cortex.o
 .text.__NVIC_SetPriority
                0x08000620       0x54 ./Drivers/STM32F1xx_HAL_Driver/Src/stm32f1xx_hal_cortex.o
 .text.NVIC_EncodePriority
                0x08000674       0x64 ./Drivers/STM32F1xx_HAL_Driver/Src/stm32f1xx_hal_cortex.o
 .text.SysTick_Config
                0x080006d8       0x44 ./Drivers/STM32F1xx_HAL_Driver/Src/stm32f1xx_hal_cortex.o
 .text.HAL_NVIC_SetPriorityGrouping
                0x0800071c       0x16 ./Drivers/STM32F1xx_HAL_Driver/Src/stm32f1xx_hal_cortex.o
                0x0800071c                HAL_NVIC_SetPriorityGrouping
 .text.HAL_NVIC_SetPriority
                0x08000732       0x38 ./Drivers/STM32F1xx_HAL_Driver/Src/stm32f1xx_hal_cortex.o
                0x08000732                HAL_NVIC_SetPriority
 .text.HAL_SYSTICK_Config
                0x0800076a       0x18 ./Drivers/STM32F1xx_HAL_Driver/Src/stm32f1xx_hal_cortex.o
                0x0800076a                HAL_SYSTICK_Config
 *fill*         0x08000782        0x2 
 .text.HAL_GPIO_Init
                0x08000784      0x328 ./Drivers/STM32F1xx_HAL_Driver/Src/stm32f1xx_hal_gpio.o
                0x08000784                HAL_GPIO_Init
 .text.HAL_GPIO_WritePin
                0x08000aac       0x30 ./Drivers/STM32F1xx_HAL_Driver/Src/stm32f1xx_hal_gpio.o
                0x08000aac                HAL_GPIO_WritePin
 .text.HAL_GPIO_TogglePin
                0x08000adc       0x32 ./Drivers/STM32F1xx_HAL_Driver/Src/stm32f1xx_hal_gpio.o
                0x08000adc                HAL_GPIO_TogglePin
 *fill*         0x08000b0e        0x2 
 .text.HAL_RCC_OscConfig
                0x08000b10      0x504 ./Drivers/STM32F1xx_HAL_Driver/Src/stm32f1xx_hal_rcc.o
                0x08000b10                HAL_RCC_OscConfig
 .text.HAL_RCC_ClockConfig
                0x08001014      0x1d4 ./Drivers/STM32F1xx_HAL_Driver/Src/stm32f1xx_hal_rcc.o
                0x08001014                HAL_RCC_ClockConfig
 .text.HAL_RCC_GetSysClockFreq
                0x080011e8       0xbc ./Drivers/STM32F1xx_HAL_Driver/Src/stm32f1xx_hal_rcc.o
                0x080011e8                HAL_RCC_GetSysClockFreq
 .text.RCC_Delay
                0x080012a4       0x3c ./Drivers/STM32F1xx_HAL_Driver/Src/stm32f1xx_hal_rcc.o
 .text.memset   0x080012e0       0x10 /Applications/STM32CubeIDE.app/Contents/Eclipse/plugins/com.st.stm32cube.ide.mcu.externaltools.gnu-tools-for-stm32.12.3.rel1.macos64_1.0.200.202406191456/tools/bin/../lib/gcc/arm-none-eabi/12.3.1/../../../../arm-none-eabi/lib/thumb/v7-m/nofp/libc_nano.a(libc_a-memset.o)
                0x080012e0                memset
 .text.__libc_init_array
                0x080012f0       0x48 /Applications/STM32CubeIDE.app/Contents/Eclipse/plugins/com.st.stm32cube.ide.mcu.externaltools.gnu-tools-for-stm32.12.3.rel1.macos64_1.0.200.202406191456/tools/bin/../lib/gcc/arm-none-eabi/12.3.1/../../../../arm-none-eabi/lib/thumb/v7-m/nofp/libc_nano.a(libc_a-init.o)
                0x080012f0                __libc_init_array
 *(.glue_7)
 .glue_7        0x08001338        0x0 linker stubs
 *(.glue_7t)
 .glue_7t       0x08001338        0x0 linker stubs
 *(.eh_frame)
 .eh_frame      0x08001338        0x0 /Applications/STM32CubeIDE.app/Contents/Eclipse/plugins/com.st.stm32cube.ide.mcu.externaltools.gnu-tools-for-stm32.12.3.rel1.macos64_1.0.200.202406191456/tools/bin/../lib/gcc/arm-none-eabi/12.3.1/thumb/v7-m/nofp/crtbegin.o
 *(.init)
 .init          0x08001338        0x4 /Applications/STM32CubeIDE.app/Contents/Eclipse/plugins/com.st.stm32cube.ide.mcu.externaltools.gnu-tools-for-stm32.12.3.rel1.macos64_1.0.200.202406191456/tools/bin/../lib/gcc/arm-none-eabi/12.3.1/thumb/v7-m/nofp/crti.o
                0x08001338                _init
 .init          0x0800133c        0x8 /Applications/STM32CubeIDE.app/Contents/Eclipse/plugins/com.st.stm32cube.ide.mcu.externaltools.gnu-tools-for-stm32.12.3.rel1.macos64_1.0.200.202406191456/tools/bin/../lib/gcc/arm-none-eabi/12.3.1/thumb/v7-m/nofp/crtn.o
 *(.fini)
 .fini          0x08001344        0x4 /Applications/STM32CubeIDE.app/Contents/Eclipse/plugins/com.st.stm32cube.ide.mcu.externaltools.gnu-tools-for-stm32.12.3.rel1.macos64_1.0.200.202406191456/tools/bin/../lib/gcc/arm-none-eabi/12.3.1/thumb/v7-m/nofp/crti.o
                0x08001344                _fini
 .fini          0x08001348        0x8 /Applications/STM32CubeIDE.app/Contents/Eclipse/plugins/com.st.stm32cube.ide.mcu.externaltools.gnu-tools-for-stm32.12.3.rel1.macos64_1.0.200.202406191456/tools/bin/../lib/gcc/arm-none-eabi/12.3.1/thumb/v7-m/nofp/crtn.o
                0x08001350                        . = ALIGN (0x4)
                0x08001350                        _etext = .

.vfp11_veneer   0x08001350        0x0
 .vfp11_veneer  0x08001350        0x0 linker stubs

.v4_bx          0x08001350        0x0
 .v4_bx         0x08001350        0x0 linker stubs

.iplt           0x08001350        0x0
 .iplt          0x08001350        0x0 /Applications/STM32CubeIDE.app/Contents/Eclipse/plugins/com.st.stm32cube.ide.mcu.externaltools.gnu-tools-for-stm32.12.3.rel1.macos64_1.0.200.202406191456/tools/bin/../lib/gcc/arm-none-eabi/12.3.1/thumb/v7-m/nofp/crtbegin.o

.rodata         0x08001350       0x20
                0x08001350                        . = ALIGN (0x4)
 *(.rodata)
 .rodata        0x08001350       0x10 ./Drivers/STM32F1xx_HAL_Driver/Src/stm32f1xx_hal_rcc.o
 *(.rodata*)
 .rodata.AHBPrescTable
                0x08001360       0x10 ./Core/Src/system_stm32f1xx.o
                0x08001360                AHBPrescTable
                0x08001370                        . = ALIGN (0x4)

.rel.dyn        0x08001370        0x0
 .rel.iplt      0x08001370        0x0 /Applications/STM32CubeIDE.app/Contents/Eclipse/plugins/com.st.stm32cube.ide.mcu.externaltools.gnu-tools-for-stm32.12.3.rel1.macos64_1.0.200.202406191456/tools/bin/../lib/gcc/arm-none-eabi/12.3.1/thumb/v7-m/nofp/crtbegin.o

.ARM.extab      0x08001370        0x0
                0x08001370                        . = ALIGN (0x4)
 *(.ARM.extab* .gnu.linkonce.armextab.*)
                0x08001370                        . = ALIGN (0x4)

.ARM            0x08001370        0x0
                0x08001370                        . = ALIGN (0x4)
                0x08001370                        __exidx_start = .
 *(.ARM.exidx*)
                0x08001370                        __exidx_end = .
                0x08001370                        . = ALIGN (0x4)

.preinit_array  0x08001370        0x0
                0x08001370                        . = ALIGN (0x4)
                0x08001370                        PROVIDE (__preinit_array_start = .)
 *(.preinit_array*)
                0x08001370                        PROVIDE (__preinit_array_end = .)
                0x08001370                        . = ALIGN (0x4)

.init_array     0x08001370        0x4
                0x08001370                        . = ALIGN (0x4)
                0x08001370                        PROVIDE (__init_array_start = .)
 *(SORT_BY_NAME(.init_array.*))
 *(.init_array*)
 .init_array    0x08001370        0x4 /Applications/STM32CubeIDE.app/Contents/Eclipse/plugins/com.st.stm32cube.ide.mcu.externaltools.gnu-tools-for-stm32.12.3.rel1.macos64_1.0.200.202406191456/tools/bin/../lib/gcc/arm-none-eabi/12.3.1/thumb/v7-m/nofp/crtbegin.o
                0x08001374                        PROVIDE (__init_array_end = .)
                0x08001374                        . = ALIGN (0x4)

.fini_array     0x08001374        0x4
                0x08001374                        . = ALIGN (0x4)
                [!provide]                        PROVIDE (__fini_array_start = .)
 *(SORT_BY_NAME(.fini_array.*))
 *(.fini_array*)
 .fini_array    0x08001374        0x4 /Applications/STM32CubeIDE.app/Contents/Eclipse/plugins/com.st.stm32cube.ide.mcu.externaltools.gnu-tools-for-stm32.12.3.rel1.macos64_1.0.200.202406191456/tools/bin/../lib/gcc/arm-none-eabi/12.3.1/thumb/v7-m/nofp/crtbegin.o
                [!provide]                        PROVIDE (__fini_array_end = .)
                0x08001378                        . = ALIGN (0x4)
                0x08001378                        _sidata = LOADADDR (.data)

.data           0x20000000        0xc load address 0x08001378
                0x20000000                        . = ALIGN (0x4)
                0x20000000                        _sdata = .
 *(.data)
 *(.data*)
 .data.SystemCoreClock
                0x20000000        0x4 ./Core/Src/system_stm32f1xx.o
                0x20000000                SystemCoreClock
 .data.uwTickPrio
                0x20000004        0x4 ./Drivers/STM32F1xx_HAL_Driver/Src/stm32f1xx_hal.o
                0x20000004                uwTickPrio
 .data.uwTickFreq
                0x20000008        0x1 ./Drivers/STM32F1xx_HAL_Driver/Src/stm32f1xx_hal.o
                0x20000008                uwTickFreq
 *(.RamFunc)
 *(.RamFunc*)
                0x2000000c                        . = ALIGN (0x4)
 *fill*         0x20000009        0x3 
                0x2000000c                        _edata = .

.igot.plt       0x2000000c        0x0 load address 0x08001384
 .igot.plt      0x2000000c        0x0 /Applications/STM32CubeIDE.app/Contents/Eclipse/plugins/com.st.stm32cube.ide.mcu.externaltools.gnu-tools-for-stm32.12.3.rel1.macos64_1.0.200.202406191456/tools/bin/../lib/gcc/arm-none-eabi/12.3.1/thumb/v7-m/nofp/crtbegin.o
                0x2000000c                        . = ALIGN (0x4)

.bss            0x2000000c       0x20 load address 0x08001384
                0x2000000c                        _sbss = .
                0x2000000c                        __bss_start__ = _sbss
 *(.bss)
 .bss           0x2000000c       0x1c /Applications/STM32CubeIDE.app/Contents/Eclipse/plugins/com.st.stm32cube.ide.mcu.externaltools.gnu-tools-for-stm32.12.3.rel1.macos64_1.0.200.202406191456/tools/bin/../lib/gcc/arm-none-eabi/12.3.1/thumb/v7-m/nofp/crtbegin.o
 *(.bss*)
 .bss.uwTick    0x20000028        0x4 ./Drivers/STM32F1xx_HAL_Driver/Src/stm32f1xx_hal.o
                0x20000028                uwTick
 *(COMMON)
                0x2000002c                        . = ALIGN (0x4)
                0x2000002c                        _ebss = .
                0x2000002c                        __bss_end__ = _ebss

._user_heap_stack
                0x2000002c      0x604 load address 0x08001384
                0x20000030                        . = ALIGN (0x8)
 *fill*         0x2000002c        0x4 
                [!provide]                        PROVIDE (end = .)
                0x20000030                        PROVIDE (_end = .)
                0x20000230                        . = (. + _Min_Heap_Size)
 *fill*         0x20000030      0x200 
                0x20000630                        . = (. + _Min_Stack_Size)
 *fill*         0x20000230      0x400 
                0x20000630                        . = ALIGN (0x8)

/DISCARD/
 libc.a(*)
 libm.a(*)
 libgcc.a(*)

.ARM.attributes
                0x00000000       0x29
 *(.ARM.attributes)
 .ARM.attributes
                0x00000000       0x1d /Applications/STM32CubeIDE.app/Contents/Eclipse/plugins/com.st.stm32cube.ide.mcu.externaltools.gnu-tools-for-stm32.12.3.rel1.macos64_1.0.200.202406191456/tools/bin/../lib/gcc/arm-none-eabi/12.3.1/thumb/v7-m/nofp/crti.o
 .ARM.attributes
                0x0000001d       0x2d /Applications/STM32CubeIDE.app/Contents/Eclipse/plugins/com.st.stm32cube.ide.mcu.externaltools.gnu-tools-for-stm32.12.3.rel1.macos64_1.0.200.202406191456/tools/bin/../lib/gcc/arm-none-eabi/12.3.1/thumb/v7-m/nofp/crtbegin.o
 .ARM.attributes
                0x0000004a       0x2d ./Core/Src/gpio.o
 .ARM.attributes
                0x00000077       0x2d ./Core/Src/main.o
 .ARM.attributes
                0x000000a4       0x2d ./Core/Src/stm32f1xx_hal_msp.o
 .ARM.attributes
                0x000000d1       0x2d ./Core/Src/stm32f1xx_it.o
 .ARM.attributes
                0x000000fe       0x2d ./Core/Src/system_stm32f1xx.o
 .ARM.attributes
                0x0000012b       0x21 ./Core/Startup/startup_stm32f103rctx.o
 .ARM.attributes
                0x0000014c       0x2d ./Drivers/STM32F1xx_HAL_Driver/Src/stm32f1xx_hal.o
 .ARM.attributes
                0x00000179       0x2d ./Drivers/STM32F1xx_HAL_Driver/Src/stm32f1xx_hal_cortex.o
 .ARM.attributes
                0x000001a6       0x2d ./Drivers/STM32F1xx_HAL_Driver/Src/stm32f1xx_hal_gpio.o
 .ARM.attributes
                0x000001d3       0x2d ./Drivers/STM32F1xx_HAL_Driver/Src/stm32f1xx_hal_rcc.o
 .ARM.attributes
                0x00000200       0x2d /Applications/STM32CubeIDE.app/Contents/Eclipse/plugins/com.st.stm32cube.ide.mcu.externaltools.gnu-tools-for-stm32.12.3.rel1.macos64_1.0.200.202406191456/tools/bin/../lib/gcc/arm-none-eabi/12.3.1/../../../../arm-none-eabi/lib/thumb/v7-m/nofp/libc_nano.a(libc_a-memset.o)
 .ARM.attributes
                0x0000022d       0x2d /Applications/STM32CubeIDE.app/Contents/Eclipse/plugins/com.st.stm32cube.ide.mcu.externaltools.gnu-tools-for-stm32.12.3.rel1.macos64_1.0.200.202406191456/tools/bin/../lib/gcc/arm-none-eabi/12.3.1/../../../../arm-none-eabi/lib/thumb/v7-m/nofp/libc_nano.a(libc_a-init.o)
 .ARM.attributes
                0x0000025a       0x1d /Applications/STM32CubeIDE.app/Contents/Eclipse/plugins/com.st.stm32cube.ide.mcu.externaltools.gnu-tools-for-stm32.12.3.rel1.macos64_1.0.200.202406191456/tools/bin/../lib/gcc/arm-none-eabi/12.3.1/thumb/v7-m/nofp/crtn.o
OUTPUT(demo_for_lab.elf elf32-littlearm)
LOAD linker stubs
LOAD /Applications/STM32CubeIDE.app/Contents/Eclipse/plugins/com.st.stm32cube.ide.mcu.externaltools.gnu-tools-for-stm32.12.3.rel1.macos64_1.0.200.202406191456/tools/bin/../lib/gcc/arm-none-eabi/12.3.1/../../../../arm-none-eabi/lib/thumb/v7-m/nofp/libc.a
LOAD /Applications/STM32CubeIDE.app/Contents/Eclipse/plugins/com.st.stm32cube.ide.mcu.externaltools.gnu-tools-for-stm32.12.3.rel1.macos64_1.0.200.202406191456/tools/bin/../lib/gcc/arm-none-eabi/12.3.1/../../../../arm-none-eabi/lib/thumb/v7-m/nofp/libm.a
LOAD /Applications/STM32CubeIDE.app/Contents/Eclipse/plugins/com.st.stm32cube.ide.mcu.externaltools.gnu-tools-for-stm32.12.3.rel1.macos64_1.0.200.202406191456/tools/bin/../lib/gcc/arm-none-eabi/12.3.1/thumb/v7-m/nofp/libgcc.a

.debug_info     0x00000000     0x2b27
 .debug_info    0x00000000      0x29b ./Core/Src/gpio.o
 .debug_info    0x0000029b      0x34b ./Core/Src/main.o
 .debug_info    0x000005e6      0x1f1 ./Core/Src/stm32f1xx_hal_msp.o
 .debug_info    0x000007d7      0x113 ./Core/Src/stm32f1xx_it.o
 .debug_info    0x000008ea      0x222 ./Core/Src/system_stm32f1xx.o
 .debug_info    0x00000b0c       0x30 ./Core/Startup/startup_stm32f103rctx.o
 .debug_info    0x00000b3c      0x76a ./Drivers/STM32F1xx_HAL_Driver/Src/stm32f1xx_hal.o
 .debug_info    0x000012a6      0xaed ./Drivers/STM32F1xx_HAL_Driver/Src/stm32f1xx_hal_cortex.o
 .debug_info    0x00001d93      0x5ab ./Drivers/STM32F1xx_HAL_Driver/Src/stm32f1xx_hal_gpio.o
 .debug_info    0x0000233e      0x7e9 ./Drivers/STM32F1xx_HAL_Driver/Src/stm32f1xx_hal_rcc.o

.debug_abbrev   0x00000000      0xf29
 .debug_abbrev  0x00000000      0x13f ./Core/Src/gpio.o
 .debug_abbrev  0x0000013f      0x1c5 ./Core/Src/main.o
 .debug_abbrev  0x00000304       0xdb ./Core/Src/stm32f1xx_hal_msp.o
 .debug_abbrev  0x000003df       0x73 ./Core/Src/stm32f1xx_it.o
 .debug_abbrev  0x00000452      0x13f ./Core/Src/system_stm32f1xx.o
 .debug_abbrev  0x00000591       0x24 ./Core/Startup/startup_stm32f103rctx.o
 .debug_abbrev  0x000005b5      0x201 ./Drivers/STM32F1xx_HAL_Driver/Src/stm32f1xx_hal.o
 .debug_abbrev  0x000007b6      0x2f8 ./Drivers/STM32F1xx_HAL_Driver/Src/stm32f1xx_hal_cortex.o
 .debug_abbrev  0x00000aae      0x1ca ./Drivers/STM32F1xx_HAL_Driver/Src/stm32f1xx_hal_gpio.o
 .debug_abbrev  0x00000c78      0x2b1 ./Drivers/STM32F1xx_HAL_Driver/Src/stm32f1xx_hal_rcc.o

.debug_aranges  0x00000000      0x3e8
 .debug_aranges
                0x00000000       0x20 ./Core/Src/gpio.o
 .debug_aranges
                0x00000020       0x30 ./Core/Src/main.o
 .debug_aranges
                0x00000050       0x20 ./Core/Src/stm32f1xx_hal_msp.o
 .debug_aranges
                0x00000070       0x60 ./Core/Src/stm32f1xx_it.o
 .debug_aranges
                0x000000d0       0x28 ./Core/Src/system_stm32f1xx.o
 .debug_aranges
                0x000000f8       0x28 ./Core/Startup/startup_stm32f103rctx.o
 .debug_aranges
                0x00000120       0xe0 ./Drivers/STM32F1xx_HAL_Driver/Src/stm32f1xx_hal.o
 .debug_aranges
                0x00000200      0x100 ./Drivers/STM32F1xx_HAL_Driver/Src/stm32f1xx_hal_cortex.o
 .debug_aranges
                0x00000300       0x58 ./Drivers/STM32F1xx_HAL_Driver/Src/stm32f1xx_hal_gpio.o
 .debug_aranges
                0x00000358       0x90 ./Drivers/STM32F1xx_HAL_Driver/Src/stm32f1xx_hal_rcc.o

.debug_rnglists
                0x00000000      0x2c6
 .debug_rnglists
                0x00000000       0x14 ./Core/Src/gpio.o
 .debug_rnglists
                0x00000014       0x20 ./Core/Src/main.o
 .debug_rnglists
                0x00000034       0x13 ./Core/Src/stm32f1xx_hal_msp.o
 .debug_rnglists
                0x00000047       0x43 ./Core/Src/stm32f1xx_it.o
 .debug_rnglists
                0x0000008a       0x1a ./Core/Src/system_stm32f1xx.o
 .debug_rnglists
                0x000000a4       0x19 ./Core/Startup/startup_stm32f103rctx.o
 .debug_rnglists
                0x000000bd       0xa3 ./Drivers/STM32F1xx_HAL_Driver/Src/stm32f1xx_hal.o
 .debug_rnglists
                0x00000160       0xbb ./Drivers/STM32F1xx_HAL_Driver/Src/stm32f1xx_hal_cortex.o
 .debug_rnglists
                0x0000021b       0x3f ./Drivers/STM32F1xx_HAL_Driver/Src/stm32f1xx_hal_gpio.o
 .debug_rnglists
                0x0000025a       0x6c ./Drivers/STM32F1xx_HAL_Driver/Src/stm32f1xx_hal_rcc.o

.debug_macro    0x00000000    0x17a8a
 .debug_macro   0x00000000      0x19d ./Core/Src/gpio.o
 .debug_macro   0x0000019d      0xaa8 ./Core/Src/gpio.o
 .debug_macro   0x00000c45      0x20f ./Core/Src/gpio.o
 .debug_macro   0x00000e54       0x2e ./Core/Src/gpio.o
 .debug_macro   0x00000e82       0x22 ./Core/Src/gpio.o
 .debug_macro   0x00000ea4       0x22 ./Core/Src/gpio.o
 .debug_macro   0x00000ec6       0x8e ./Core/Src/gpio.o
 .debug_macro   0x00000f54       0x51 ./Core/Src/gpio.o
 .debug_macro   0x00000fa5      0x103 ./Core/Src/gpio.o
 .debug_macro   0x000010a8       0x6a ./Core/Src/gpio.o
 .debug_macro   0x00001112      0x1df ./Core/Src/gpio.o
 .debug_macro   0x000012f1       0x1c ./Core/Src/gpio.o
 .debug_macro   0x0000130d       0x22 ./Core/Src/gpio.o
 .debug_macro   0x0000132f       0xbd ./Core/Src/gpio.o
 .debug_macro   0x000013ec      0xd23 ./Core/Src/gpio.o
 .debug_macro   0x0000210f     0xfd8c ./Core/Src/gpio.o
 .debug_macro   0x00011e9b       0x6d ./Core/Src/gpio.o
 .debug_macro   0x00011f08     0x3468 ./Core/Src/gpio.o
 .debug_macro   0x00015370      0x189 ./Core/Src/gpio.o
 .debug_macro   0x000154f9       0x5c ./Core/Src/gpio.o
 .debug_macro   0x00015555      0x5be ./Core/Src/gpio.o
 .debug_macro   0x00015b13      0x4d5 ./Core/Src/gpio.o
 .debug_macro   0x00015fe8      0x1cb ./Core/Src/gpio.o
 .debug_macro   0x000161b3      0x114 ./Core/Src/gpio.o
 .debug_macro   0x000162c7      0x1ea ./Core/Src/gpio.o
 .debug_macro   0x000164b1       0x27 ./Core/Src/gpio.o
 .debug_macro   0x000164d8      0x144 ./Core/Src/gpio.o
 .debug_macro   0x0001661c      0x1bc ./Core/Src/gpio.o
 .debug_macro   0x000167d8       0x30 ./Core/Src/gpio.o
 .debug_macro   0x00016808       0x3c ./Core/Src/gpio.o
 .debug_macro   0x00016844       0x57 ./Core/Src/gpio.o
 .debug_macro   0x0001689b       0x88 ./Core/Src/gpio.o
 .debug_macro   0x00016923      0x24f ./Core/Src/gpio.o
 .debug_macro   0x00016b72      0x141 ./Core/Src/gpio.o
 .debug_macro   0x00016cb3       0xb5 ./Core/Src/gpio.o
 .debug_macro   0x00016d68       0x1c ./Core/Src/gpio.o
 .debug_macro   0x00016d84      0x1a1 ./Core/Src/main.o
 .debug_macro   0x00016f25      0x193 ./Core/Src/stm32f1xx_hal_msp.o
 .debug_macro   0x000170b8      0x19d ./Core/Src/stm32f1xx_it.o
 .debug_macro   0x00017255      0x184 ./Core/Src/system_stm32f1xx.o
 .debug_macro   0x000173d9      0x1a8 ./Drivers/STM32F1xx_HAL_Driver/Src/stm32f1xx_hal.o
 .debug_macro   0x00017581      0x184 ./Drivers/STM32F1xx_HAL_Driver/Src/stm32f1xx_hal_cortex.o
 .debug_macro   0x00017705      0x1ef ./Drivers/STM32F1xx_HAL_Driver/Src/stm32f1xx_hal_gpio.o
 .debug_macro   0x000178f4      0x196 ./Drivers/STM32F1xx_HAL_Driver/Src/stm32f1xx_hal_rcc.o

.debug_line     0x00000000     0x4c97
 .debug_line    0x00000000      0x66c ./Core/Src/gpio.o
 .debug_line    0x0000066c      0x6d8 ./Core/Src/main.o
 .debug_line    0x00000d44      0x652 ./Core/Src/stm32f1xx_hal_msp.o
 .debug_line    0x00001396      0x713 ./Core/Src/stm32f1xx_it.o
 .debug_line    0x00001aa9      0x6cf ./Core/Src/system_stm32f1xx.o
 .debug_line    0x00002178       0x79 ./Core/Startup/startup_stm32f103rctx.o
 .debug_line    0x000021f1      0x8fc ./Drivers/STM32F1xx_HAL_Driver/Src/stm32f1xx_hal.o
 .debug_line    0x00002aed      0xae8 ./Drivers/STM32F1xx_HAL_Driver/Src/stm32f1xx_hal_cortex.o
 .debug_line    0x000035d5      0x9bb ./Drivers/STM32F1xx_HAL_Driver/Src/stm32f1xx_hal_gpio.o
 .debug_line    0x00003f90      0xd07 ./Drivers/STM32F1xx_HAL_Driver/Src/stm32f1xx_hal_rcc.o

.debug_str      0x00000000    0x89e73
 .debug_str     0x00000000    0x88c43 ./Core/Src/gpio.o
                              0x8902f (size before relaxing)
 .debug_str     0x00088c43      0x1db ./Core/Src/main.o
                              0x89136 (size before relaxing)
 .debug_str     0x00088e1e       0x5a ./Core/Src/stm32f1xx_hal_msp.o
                              0x88fb7 (size before relaxing)
 .debug_str     0x00088e78       0xc9 ./Core/Src/stm32f1xx_it.o
                              0x88fcc (size before relaxing)
 .debug_str     0x00088f41       0x88 ./Core/Src/system_stm32f1xx.o
                              0x88f90 (size before relaxing)
 .debug_str     0x00088fc9       0x44 ./Core/Startup/startup_stm32f103rctx.o
                                 0xba (size before relaxing)
 .debug_str     0x0008900d      0x69f ./Drivers/STM32F1xx_HAL_Driver/Src/stm32f1xx_hal.o
                              0x897a7 (size before relaxing)
 .debug_str     0x000896ac      0x2bb ./Drivers/STM32F1xx_HAL_Driver/Src/stm32f1xx_hal_cortex.o
                              0x896f3 (size before relaxing)
 .debug_str     0x00089967      0x2e3 ./Drivers/STM32F1xx_HAL_Driver/Src/stm32f1xx_hal_gpio.o
                              0x89316 (size before relaxing)
 .debug_str     0x00089c4a      0x229 ./Drivers/STM32F1xx_HAL_Driver/Src/stm32f1xx_hal_rcc.o
                              0x893bf (size before relaxing)

.comment        0x00000000       0x43
 .comment       0x00000000       0x43 ./Core/Src/gpio.o
                                 0x44 (size before relaxing)
 .comment       0x00000043       0x44 ./Core/Src/main.o
 .comment       0x00000043       0x44 ./Core/Src/stm32f1xx_hal_msp.o
 .comment       0x00000043       0x44 ./Core/Src/stm32f1xx_it.o
 .comment       0x00000043       0x44 ./Core/Src/system_stm32f1xx.o
 .comment       0x00000043       0x44 ./Drivers/STM32F1xx_HAL_Driver/Src/stm32f1xx_hal.o
 .comment       0x00000043       0x44 ./Drivers/STM32F1xx_HAL_Driver/Src/stm32f1xx_hal_cortex.o
 .comment       0x00000043       0x44 ./Drivers/STM32F1xx_HAL_Driver/Src/stm32f1xx_hal_gpio.o
 .comment       0x00000043       0x44 ./Drivers/STM32F1xx_HAL_Driver/Src/stm32f1xx_hal_rcc.o

.debug_frame    0x00000000      0xd40
 .debug_frame   0x00000000       0x34 ./Core/Src/gpio.o
 .debug_frame   0x00000034       0x68 ./Core/Src/main.o
 .debug_frame   0x0000009c       0x38 ./Core/Src/stm32f1xx_hal_msp.o
 .debug_frame   0x000000d4      0x104 ./Core/Src/stm32f1xx_it.o
 .debug_frame   0x000001d8       0x58 ./Core/Src/system_stm32f1xx.o
 .debug_frame   0x00000230      0x334 ./Drivers/STM32F1xx_HAL_Driver/Src/stm32f1xx_hal.o
 .debug_frame   0x00000564      0x428 ./Drivers/STM32F1xx_HAL_Driver/Src/stm32f1xx_hal_cortex.o
 .debug_frame   0x0000098c      0x14c ./Drivers/STM32F1xx_HAL_Driver/Src/stm32f1xx_hal_gpio.o
 .debug_frame   0x00000ad8      0x21c ./Drivers/STM32F1xx_HAL_Driver/Src/stm32f1xx_hal_rcc.o
 .debug_frame   0x00000cf4       0x20 /Applications/STM32CubeIDE.app/Contents/Eclipse/plugins/com.st.stm32cube.ide.mcu.externaltools.gnu-tools-for-stm32.12.3.rel1.macos64_1.0.200.202406191456/tools/bin/../lib/gcc/arm-none-eabi/12.3.1/../../../../arm-none-eabi/lib/thumb/v7-m/nofp/libc_nano.a(libc_a-memset.o)
 .debug_frame   0x00000d14       0x2c /Applications/STM32CubeIDE.app/Contents/Eclipse/plugins/com.st.stm32cube.ide.mcu.externaltools.gnu-tools-for-stm32.12.3.rel1.macos64_1.0.200.202406191456/tools/bin/../lib/gcc/arm-none-eabi/12.3.1/../../../../arm-none-eabi/lib/thumb/v7-m/nofp/libc_nano.a(libc_a-init.o)

.debug_line_str
                0x00000000       0x9e
 .debug_line_str
                0x00000000       0x9e ./Core/Startup/startup_stm32f103rctx.o
