Archive member included to satisfy reference by file (symbol)

/Applications/STM32CubeIDE.app/Contents/Eclipse/plugins/com.st.stm32cube.ide.mcu.externaltools.gnu-tools-for-stm32.12.3.rel1.macos64_1.0.200.202406191456/tools/bin/../lib/gcc/arm-none-eabi/12.3.1/../../../../arm-none-eabi/lib/thumb/v7-m/nofp/libc_nano.a(libc_a-exit.o)
                              /Applications/STM32CubeIDE.app/Contents/Eclipse/plugins/com.st.stm32cube.ide.mcu.externaltools.gnu-tools-for-stm32.12.3.rel1.macos64_1.0.200.202406191456/tools/bin/../lib/gcc/arm-none-eabi/12.3.1/../../../../arm-none-eabi/lib/thumb/v7-m/nofp/crt0.o (exit)
/Applications/STM32CubeIDE.app/Contents/Eclipse/plugins/com.st.stm32cube.ide.mcu.externaltools.gnu-tools-for-stm32.12.3.rel1.macos64_1.0.200.202406191456/tools/bin/../lib/gcc/arm-none-eabi/12.3.1/../../../../arm-none-eabi/lib/thumb/v7-m/nofp/libc_nano.a(libc_a-findfp.o)
                              /Applications/STM32CubeIDE.app/Contents/Eclipse/plugins/com.st.stm32cube.ide.mcu.externaltools.gnu-tools-for-stm32.12.3.rel1.macos64_1.0.200.202406191456/tools/bin/../lib/gcc/arm-none-eabi/12.3.1/../../../../arm-none-eabi/lib/thumb/v7-m/nofp/libc_nano.a(libc_a-exit.o) (__stdio_exit_handler)
/Applications/STM32CubeIDE.app/Contents/Eclipse/plugins/com.st.stm32cube.ide.mcu.externaltools.gnu-tools-for-stm32.12.3.rel1.macos64_1.0.200.202406191456/tools/bin/../lib/gcc/arm-none-eabi/12.3.1/../../../../arm-none-eabi/lib/thumb/v7-m/nofp/libc_nano.a(libc_a-fwalk.o)
                              /Applications/STM32CubeIDE.app/Contents/Eclipse/plugins/com.st.stm32cube.ide.mcu.externaltools.gnu-tools-for-stm32.12.3.rel1.macos64_1.0.200.202406191456/tools/bin/../lib/gcc/arm-none-eabi/12.3.1/../../../../arm-none-eabi/lib/thumb/v7-m/nofp/libc_nano.a(libc_a-findfp.o) (_fwalk_sglue)
/Applications/STM32CubeIDE.app/Contents/Eclipse/plugins/com.st.stm32cube.ide.mcu.externaltools.gnu-tools-for-stm32.12.3.rel1.macos64_1.0.200.202406191456/tools/bin/../lib/gcc/arm-none-eabi/12.3.1/../../../../arm-none-eabi/lib/thumb/v7-m/nofp/libc_nano.a(libc_a-memset.o)
                              /Applications/STM32CubeIDE.app/Contents/Eclipse/plugins/com.st.stm32cube.ide.mcu.externaltools.gnu-tools-for-stm32.12.3.rel1.macos64_1.0.200.202406191456/tools/bin/../lib/gcc/arm-none-eabi/12.3.1/../../../../arm-none-eabi/lib/thumb/v7-m/nofp/crt0.o (memset)
/Applications/STM32CubeIDE.app/Contents/Eclipse/plugins/com.st.stm32cube.ide.mcu.externaltools.gnu-tools-for-stm32.12.3.rel1.macos64_1.0.200.202406191456/tools/bin/../lib/gcc/arm-none-eabi/12.3.1/../../../../arm-none-eabi/lib/thumb/v7-m/nofp/libc_nano.a(libc_a-impure.o)
                              /Applications/STM32CubeIDE.app/Contents/Eclipse/plugins/com.st.stm32cube.ide.mcu.externaltools.gnu-tools-for-stm32.12.3.rel1.macos64_1.0.200.202406191456/tools/bin/../lib/gcc/arm-none-eabi/12.3.1/../../../../arm-none-eabi/lib/thumb/v7-m/nofp/libc_nano.a(libc_a-findfp.o) (_impure_data)
/Applications/STM32CubeIDE.app/Contents/Eclipse/plugins/com.st.stm32cube.ide.mcu.externaltools.gnu-tools-for-stm32.12.3.rel1.macos64_1.0.200.202406191456/tools/bin/../lib/gcc/arm-none-eabi/12.3.1/../../../../arm-none-eabi/lib/thumb/v7-m/nofp/libc_nano.a(libc_a-errno.o)
                              ./Core/Src/syscalls.o (__errno)
/Applications/STM32CubeIDE.app/Contents/Eclipse/plugins/com.st.stm32cube.ide.mcu.externaltools.gnu-tools-for-stm32.12.3.rel1.macos64_1.0.200.202406191456/tools/bin/../lib/gcc/arm-none-eabi/12.3.1/../../../../arm-none-eabi/lib/thumb/v7-m/nofp/libc_nano.a(libc_a-init.o)
                              /Applications/STM32CubeIDE.app/Contents/Eclipse/plugins/com.st.stm32cube.ide.mcu.externaltools.gnu-tools-for-stm32.12.3.rel1.macos64_1.0.200.202406191456/tools/bin/../lib/gcc/arm-none-eabi/12.3.1/../../../../arm-none-eabi/lib/thumb/v7-m/nofp/crt0.o (__libc_init_array)
/Applications/STM32CubeIDE.app/Contents/Eclipse/plugins/com.st.stm32cube.ide.mcu.externaltools.gnu-tools-for-stm32.12.3.rel1.macos64_1.0.200.202406191456/tools/bin/../lib/gcc/arm-none-eabi/12.3.1/../../../../arm-none-eabi/lib/thumb/v7-m/nofp/libc_nano.a(libc_a-lock.o)
                              /Applications/STM32CubeIDE.app/Contents/Eclipse/plugins/com.st.stm32cube.ide.mcu.externaltools.gnu-tools-for-stm32.12.3.rel1.macos64_1.0.200.202406191456/tools/bin/../lib/gcc/arm-none-eabi/12.3.1/../../../../arm-none-eabi/lib/thumb/v7-m/nofp/libc_nano.a(libc_a-findfp.o) (__retarget_lock_init_recursive)
/Applications/STM32CubeIDE.app/Contents/Eclipse/plugins/com.st.stm32cube.ide.mcu.externaltools.gnu-tools-for-stm32.12.3.rel1.macos64_1.0.200.202406191456/tools/bin/../lib/gcc/arm-none-eabi/12.3.1/../../../../arm-none-eabi/lib/thumb/v7-m/nofp/libc_nano.a(libc_a-mallocr.o)
[...]
Memory Configuration

Name             Origin             Length             Attributes
RAM              0x20000000         0x0000c000         xrw
FLASH            0x08000000         0x00040000         xr
*default*        0x00000000         0xffffffff

Linker script and memory map

LOAD /Applications/STM32CubeIDE.app/Contents/Eclipse/plugins/com.st.stm32cube.ide.mcu.externaltools.gnu-tools-for-stm32.12.3.rel1.macos64_1.0.200.202406191456/tools/bin/../lib/gcc/arm-none-eabi/12.3.1/thumb/v7-m/nofp/crti.o
LOAD /Applications/STM32CubeIDE.app/Contents/Eclipse/plugins/com.st.stm32cube.ide.mcu.externaltools.gnu-tools-for-stm32.12.3.rel1.macos64_1.0.200.202406191456/tools/bin/../lib/gcc/arm-none-eabi/12.3.1/thumb/v7-m/nofp/crtbegin.o
LOAD /Applications/STM32CubeIDE.app/Contents/Eclipse/plugins/com.st.stm32cube.ide.mcu.externaltools.gnu-tools-for-stm32.12.3.rel1.macos64_1.0.200.202406191456/tools/bin/../lib/gcc/arm-none-eabi/12.3.1/../../../../arm-none-eabi/lib/thumb/v7-m/nofp/crt0.o
LOAD ./Core/Src/gpio.o
LOAD ./Core/Src/lcd.o
LOAD ./Core/Src/main.o
LOAD ./Core/Src/stm32f1xx_hal_msp.o
LOAD ./Core/Src/stm32f1xx_it.o
LOAD ./Core/Src/syscalls.o
LOAD ./Core/Src/sysmem.o
LOAD ./Core/Src/system_stm32f1xx.o
LOAD ./Core/Startup/startup_stm32f103rctx.o
LOAD ./Drivers/STM32F1xx_HAL_Driver/Src/stm32f1xx_hal.o
LOAD ./Drivers/STM32F1xx_HAL_Driver/Src/stm32f1xx_hal_cortex.o
LOAD ./Drivers/STM32F1xx_HAL_Driver/Src/stm32f1xx_hal_dma.o
LOAD ./Drivers/STM32F1xx_HAL_Driver/Src/stm32f1xx_hal_exti.o
LOAD ./Drivers/STM32F1xx_HAL_Driver/Src/stm32f1xx_hal_flash.o
LOAD ./Drivers/STM32F1xx_HAL_Driver/Src/stm32f1xx_hal_flash_ex.o
LOAD ./Drivers/STM32F1xx_HAL_Driver/Src/stm32f1xx_hal_gpio.o
LOAD ./Drivers/STM32F1xx_HAL_Driver/Src/stm32f1xx_hal_gpio_ex.o
LOAD ./Drivers/STM32F1xx_HAL_Driver/Src/stm32f1xx_hal_pwr.o
LOAD ./Drivers/STM32F1xx_HAL_Driver/Src/stm32f1xx_hal_rcc.o
LOAD ./Drivers/STM32F1xx_HAL_Driver/Src/stm32f1xx_hal_rcc_ex.o
LOAD ./Drivers/STM32F1xx_HAL_Driver/Src/stm32f1xx_hal_tim.o
LOAD ./Drivers/STM32F1xx_HAL_Driver/Src/stm32f1xx_hal_tim_ex.o
START GROUP
LOAD /Applications/STM32CubeIDE.app/Contents/Eclipse/plugins/com.st.stm32cube.ide.mcu.externaltools.gnu-tools-for-stm32.12.3.rel1.macos64_1.0.200.202406191456/tools/bin/../lib/gcc/arm-none-eabi/12.3.1/../../../../arm-none-eabi/lib/thumb/v7-m/nofp/libc_nano.a
LOAD /Applications/STM32CubeIDE.app/Contents/Eclipse/plugins/com.st.stm32cube.ide.mcu.externaltools.gnu-tools-for-stm32.12.3.rel1.macos64_1.0.200.202406191456/tools/bin/../lib/gcc/arm-none-eabi/12.3.1/../../../../arm-none-eabi/lib/thumb/v7-m/nofp/libm.a
END GROUP
START GROUP
LOAD /Applications/STM32CubeIDE.app/Contents/Eclipse/plugins/com.st.stm32cube.ide.mcu.externaltools.gnu-tools-for-stm32.12.3.rel1.macos64_1.0.200.202406191456/tools/bin/../lib/gcc/arm-none-eabi/12.3.1/thumb/v7-m/nofp/libgcc.a
LOAD /Applications/STM32CubeIDE.app/Contents/Eclipse/plugins/com.st.stm32cube.ide.mcu.externaltools.gnu-tools-for-stm32.12.3.rel1.macos64_1.0.200.202406191456/tools/bin/../lib/gcc/arm-none-eabi/12.3.1/../../../../arm-none-eabi/lib/thumb/v7-m/nofp/libc_nano.a
END GROUP
START GROUP
LOAD /Applications/STM32CubeIDE.app/Contents/Eclipse/plugins/com.st.stm32cube.ide.mcu.externaltools.gnu-tools-for-stm32.12.3.rel1.macos64_1.0.200.202406191456/tools/bin/../lib/gcc/arm-none-eabi/12.3.1/thumb/v7-m/nofp/libgcc.a
LOAD /Applications/STM32CubeIDE.app/Contents/Eclipse/plugins/com.st.stm32cube.ide.mcu.externaltools.gnu-tools-for-stm32.12.3.rel1.macos64_1.0.200.202406191456/tools/bin/../lib/gcc/arm-none-eabi/12.3.1/../../../../arm-none-eabi/lib/thumb/v7-m/nofp/libc_nano.a
LOAD /Applications/STM32CubeIDE.app/Contents/Eclipse/plugins/com.st.stm32cube.ide.mcu.externaltools.gnu-tools-for-stm32.12.3.rel1.macos64_1.0.200.202406191456/tools/bin/../lib/gcc/arm-none-eabi/12.3.1/../../../../arm-none-eabi/lib/thumb/v7-m/nofp/libnosys.a
END GROUP
START GROUP
LOAD /Applications/STM32CubeIDE.app/Contents/Eclipse/plugins/com.st.stm32cube.ide.mcu.externaltools.gnu-tools-for-stm32.12.3.rel1.macos64_1.0.200.202406191456/tools/bin/../lib/gcc/arm-none-eabi/12.3.1/thumb/v7-m/nofp/libgcc.a
LOAD /Applications/STM32CubeIDE.app/Contents/Eclipse/plugins/com.st.stm32cube.ide.mcu.externaltools.gnu-tools-for-stm32.12.3.rel1.macos64_1.0.200.202406191456/tools/bin/../lib/gcc/arm-none-eabi/12.3.1/../../../../arm-none-eabi/lib/thumb/v7-m/nofp/libc_nano.a
LOAD /Applications/STM32CubeIDE.app/Contents/Eclipse/plugins/com.st.stm32cube.ide.mcu.externaltools.gnu-tools-for-stm32.12.3.rel1.macos64_1.0.200.202406191456/tools/bin/../lib/gcc/arm-none-eabi/12.3.1/../../../../arm-none-eabi/lib/thumb/v7-m/nofp/libnosys.a
END GROUP
LOAD /Applications/STM32CubeIDE.app/Contents/Eclipse/plugins/com.st.stm32cube.ide.mcu.externaltools.gnu-tools-for-stm32.12.3.rel1.macos64_1.0.200.202406191456/tools/bin/../lib/gcc/arm-none-eabi/12.3.1/thumb/v7-m/nofp/crtend.o
LOAD /Applications/STM32CubeIDE.app/Contents/Eclipse/plugins/com.st.stm32cube.ide.mcu.externaltools.gnu-tools-for-stm32.12.3.rel1.macos64_1.0.200.202406191456/tools/bin/../lib/gcc/arm-none-eabi/12.3.1/thumb/v7-m/nofp/crtn.o
                0x2000c000                        _estack = (ORIGIN (RAM) + LENGTH (RAM))
                0x00000200                        _Min_Heap_Size = 0x200
                0x00000400                        _Min_Stack_Size = 0x400

.isr_vector     0x08000000      0x1e4
                0x08000000                        . = ALIGN (0x4)
 *(.isr_vector)
 .isr_vector    0x08000000      0x1e4 ./Core/Startup/startup_stm32f103rctx.o
                0x08000000                g_pfnVectors
                0x080001e4                        . = ALIGN (0x4)

.text           0x080001e8     0x8078
                0x080001e8                        . = ALIGN (0x4)
 *(.text)
 .text          0x080001e8       0x40 /Applications/STM32CubeIDE.app/Contents/Eclipse/plugins/com.st.stm32cube.ide.mcu.externaltools.gnu-tools-for-stm32.12.3.rel1.macos64_1.0.200.202406191456/tools/bin/../lib/gcc/arm-none-eabi/12.3.1/thumb/v7-m/nofp/crtbegin.o
 .text          0x08000228      0x254 /Applications/STM32CubeIDE.app/Contents/Eclipse/plugins/com.st.stm32cube.ide.mcu.externaltools.gnu-tools-for-stm32.12.3.rel1.macos64_1.0.200.202406191456/tools/bin/../lib/gcc/arm-none-eabi/12.3.1/thumb/v7-m/nofp/libgcc.a(_arm_muldf3.o)
                0x08000228                __aeabi_dmul
                0x08000228                __muldf3
 .text          0x0800047c      0x378 /Applications/STM32CubeIDE.app/Contents/Eclipse/plugins/com.st.stm32cube.ide.mcu.externaltools.gnu-tools-for-stm32.12.3.rel1.macos64_1.0.200.202406191456/tools/bin/../lib/gcc/arm-none-eabi/12.3.1/thumb/v7-m/nofp/libgcc.a(_arm_addsubdf3.o)
                0x0800047c                __aeabi_drsub
                0x08000484                __subdf3
                0x08000484                __aeabi_dsub
                0x08000488                __aeabi_dadd
                0x08000488                __adddf3
                0x08000700                __aeabi_ui2d
                0x08000700                __floatunsidf
                0x08000720                __floatsidf
                0x08000720                __aeabi_i2d
                0x08000744                __extendsfdf2
                0x08000744                __aeabi_f2d
                0x08000788                __aeabi_ul2d
                0x08000788                __floatundidf
                0x08000798                __aeabi_l2d
                0x08000798                __floatdidf
 .text          0x080007f4       0x40 /Applications/STM32CubeIDE.app/Contents/Eclipse/plugins/com.st.stm32cube.ide.mcu.externaltools.gnu-tools-for-stm32.12.3.rel1.macos64_1.0.200.202406191456/tools/bin/../lib/gcc/arm-none-eabi/12.3.1/thumb/v7-m/nofp/libgcc.a(_arm_fixunsdfsi.o)
                0x080007f4                __fixunsdfsi
                0x080007f4                __aeabi_d2uiz
 *(.text*)
 .text.MX_GPIO_Init
                0x08000834       0xf8 ./Core/Src/gpio.o
                0x08000834                MX_GPIO_Init
 .text.lcd_wr_xdata
                0x0800092c       0x48 ./Core/Src/lcd.o
                0x0800092c                lcd_wr_xdata
 .text.lcd_write_reg
                0x08000974       0x84 ./Core/Src/lcd.o
                0x08000974                lcd_write_reg
 .text.lcd_opt_delay
                0x080009f8       0x20 ./Core/Src/lcd.o
 .text.lcd_rd_data
                0x08000a18       0x88 ./Core/Src/lcd.o
 .text.lcd_set_cursor
                0x08000aa0      0x628 ./Core/Src/lcd.o
                0x08000aa0                lcd_set_cursor
 .text.lcd_scan_dir
                0x080010c8      0x718 ./Core/Src/lcd.o
                0x080010c8                lcd_scan_dir
 .text.lcd_draw_point
                0x080017e0       0x94 ./Core/Src/lcd.o
                0x080017e0                lcd_draw_point
 *fill*         0x08001874        0x4 
 .text.lcd_ssd_backlight_set
                0x08001878      0x180 ./Core/Src/lcd.o
                0x08001878                lcd_ssd_backlight_set
 .text.lcd_display_dir
                0x080019f8      0x1b0 ./Core/Src/lcd.o
                0x080019f8                lcd_display_dir
 .text.lcd_init
                0x08001ba8     0x4ebc ./Core/Src/lcd.o
                0x08001ba8                lcd_init
 .text.lcd_clear
                0x08006a64       0xb8 ./Core/Src/lcd.o
                0x08006a64                lcd_clear
 .text.lcd_fill
                0x08006b1c       0xdc ./Core/Src/lcd.o
                0x08006b1c                lcd_fill
 .text.lcd_draw_line
                0x08006bf8      0x10a ./Core/Src/lcd.o
                0x08006bf8                lcd_draw_line
 .text.lcd_draw_rectangle
                0x08006d02       0x6e ./Core/Src/lcd.o
                0x08006d02                lcd_draw_rectangle
 .text.lcd_show_char
                0x08006d70      0x1bc ./Core/Src/lcd.o
                0x08006d70                lcd_show_char
 .text.lcd_show_string
                0x08006f2c       0xa0 ./Core/Src/lcd.o
                0x08006f2c                lcd_show_string
 .text.main     0x08006fcc      0x27c ./Core/Src/main.o
                0x08006fcc                main
 .text.SystemClock_Config
                0x08007248       0x8a ./Core/Src/main.o
                0x08007248                SystemClock_Config
 .text.Error_Handler
                0x080072d2        0xc ./Core/Src/main.o
                0x080072d2                Error_Handler
 *fill*         0x080072de        0x2 
 .text.HAL_MspInit
                0x080072e0       0x64 ./Core/Src/stm32f1xx_hal_msp.o
                0x080072e0                HAL_MspInit
 .text.NMI_Handler
                0x08007344        0x8 ./Core/Src/stm32f1xx_it.o
                0x08007344                NMI_Handler
 .text.HardFault_Handler
                0x0800734c        0x8 ./Core/Src/stm32f1xx_it.o
                0x0800734c                HardFault_Handler
 .text.MemManage_Handler
                0x08007354        0x8 ./Core/Src/stm32f1xx_it.o
                0x08007354                MemManage_Handler
 .text.BusFault_Handler
                0x0800735c        0x8 ./Core/Src/stm32f1xx_it.o
                0x0800735c                BusFault_Handler
 .text.UsageFault_Handler
                0x08007364        0x8 ./Core/Src/stm32f1xx_it.o
                0x08007364                UsageFault_Handler
 .text.SVC_Handler
                0x0800736c        0xc ./Core/Src/stm32f1xx_it.o
                0x0800736c                SVC_Handler
 .text.DebugMon_Handler
                0x08007378        0xc ./Core/Src/stm32f1xx_it.o
                0x08007378                DebugMon_Handler
 .text.PendSV_Handler
                0x08007384        0xc ./Core/Src/stm32f1xx_it.o
                0x08007384                PendSV_Handler
 .text.SysTick_Handler
                0x08007390        0xc ./Core/Src/stm32f1xx_it.o
                0x08007390                SysTick_Handler
 .text.SystemInit
                0x0800739c        0xc ./Core/Src/system_stm32f1xx.o
                0x0800739c                SystemInit
 .text.Reset_Handler
                0x080073a8       0x48 ./Core/Startup/startup_stm32f103rctx.o
                0x080073a8                Reset_Handler
 .text.Default_Handler
                0x080073f0        0x2 ./Core/Startup/startup_stm32f103rctx.o
                0x080073f0                DMA2_Channel3_IRQHandler
                0x080073f0                EXTI2_IRQHandler
                0x080073f0                TIM8_TRG_COM_IRQHandler
                0x080073f0                TIM8_CC_IRQHandler
                0x080073f0                TIM1_CC_IRQHandler
                0x080073f0                TIM6_IRQHandler
                0x080073f0                PVD_IRQHandler
                0x080073f0                SDIO_IRQHandler
                0x080073f0                EXTI3_IRQHandler
                0x080073f0                EXTI0_IRQHandler
                0x080073f0                I2C2_EV_IRQHandler
                0x080073f0                ADC1_2_IRQHandler
                0x080073f0                SPI1_IRQHandler
                0x080073f0                TAMPER_IRQHandler
                0x080073f0                TIM8_UP_IRQHandler
                0x080073f0                DMA2_Channel2_IRQHandler
                0x080073f0                DMA1_Channel4_IRQHandler
                0x080073f0                USART3_IRQHandler
                0x080073f0                RTC_IRQHandler
                0x080073f0                DMA1_Channel7_IRQHandler
                0x080073f0                CAN1_RX1_IRQHandler
                0x080073f0                UART5_IRQHandler
                0x080073f0                ADC3_IRQHandler
                0x080073f0                TIM4_IRQHandler
                0x080073f0                DMA2_Channel1_IRQHandler
                0x080073f0                I2C1_EV_IRQHandler
                0x080073f0                DMA1_Channel6_IRQHandler
                0x080073f0                UART4_IRQHandler
                0x080073f0                TIM3_IRQHandler
                0x080073f0                RCC_IRQHandler
                0x080073f0                TIM1_TRG_COM_IRQHandler
                0x080073f0                DMA1_Channel1_IRQHandler
                0x080073f0                Default_Handler
                0x080073f0                EXTI15_10_IRQHandler
                0x080073f0                TIM7_IRQHandler
                0x080073f0                TIM5_IRQHandler
                0x080073f0                EXTI9_5_IRQHandler
                0x080073f0                SPI2_IRQHandler
                0x080073f0                DMA1_Channel5_IRQHandler
                0x080073f0                EXTI4_IRQHandler
                0x080073f0                USB_LP_CAN1_RX0_IRQHandler
                0x080073f0                USB_HP_CAN1_TX_IRQHandler
                0x080073f0                DMA1_Channel3_IRQHandler
                0x080073f0                FSMC_IRQHandler
                0x080073f0                TIM1_UP_IRQHandler
                0x080073f0                WWDG_IRQHandler
                0x080073f0                TIM2_IRQHandler
                0x080073f0                TIM1_BRK_IRQHandler
                0x080073f0                EXTI1_IRQHandler
                0x080073f0                DMA2_Channel4_5_IRQHandler
                0x080073f0                USART2_IRQHandler
                0x080073f0                I2C2_ER_IRQHandler
                0x080073f0                DMA1_Channel2_IRQHandler
                0x080073f0                TIM8_BRK_IRQHandler
                0x080073f0                CAN1_SCE_IRQHandler
                0x080073f0                FLASH_IRQHandler
                0x080073f0                USART1_IRQHandler
                0x080073f0                SPI3_IRQHandler
                0x080073f0                I2C1_ER_IRQHandler
                0x080073f0                USBWakeUp_IRQHandler
                0x080073f0                RTC_Alarm_IRQHandler
 *fill*         0x080073f2        0x2 
 .text.HAL_Init
                0x080073f4       0x2c ./Drivers/STM32F1xx_HAL_Driver/Src/stm32f1xx_hal.o
                0x080073f4                HAL_Init
 .text.HAL_InitTick
                0x08007420       0x60 ./Drivers/STM32F1xx_HAL_Driver/Src/stm32f1xx_hal.o
                0x08007420                HAL_InitTick
 .text.HAL_IncTick
                0x08007480       0x24 ./Drivers/STM32F1xx_HAL_Driver/Src/stm32f1xx_hal.o
                0x08007480                HAL_IncTick
 .text.HAL_GetTick
                0x080074a4       0x14 ./Drivers/STM32F1xx_HAL_Driver/Src/stm32f1xx_hal.o
                0x080074a4                HAL_GetTick
 .text.HAL_Delay
                0x080074b8       0x48 ./Drivers/STM32F1xx_HAL_Driver/Src/stm32f1xx_hal.o
                0x080074b8                HAL_Delay
 .text.__NVIC_SetPriorityGrouping
                0x08007500       0x48 ./Drivers/STM32F1xx_HAL_Driver/Src/stm32f1xx_hal_cortex.o
 .text.__NVIC_GetPriorityGrouping
                0x08007548       0x1c ./Drivers/STM32F1xx_HAL_Driver/Src/stm32f1xx_hal_cortex.o
 .text.__NVIC_SetPriority
                0x08007564       0x54 ./Drivers/STM32F1xx_HAL_Driver/Src/stm32f1xx_hal_cortex.o
 .text.NVIC_EncodePriority
                0x080075b8       0x64 ./Drivers/STM32F1xx_HAL_Driver/Src/stm32f1xx_hal_cortex.o
 .text.SysTick_Config
                0x0800761c       0x44 ./Drivers/STM32F1xx_HAL_Driver/Src/stm32f1xx_hal_cortex.o
 .text.HAL_NVIC_SetPriorityGrouping
                0x08007660       0x16 ./Drivers/STM32F1xx_HAL_Driver/Src/stm32f1xx_hal_cortex.o
                0x08007660                HAL_NVIC_SetPriorityGrouping
 .text.HAL_NVIC_SetPriority
                0x08007676       0x38 ./Drivers/STM32F1xx_HAL_Driver/Src/stm32f1xx_hal_cortex.o
                0x08007676                HAL_NVIC_SetPriority
 .text.HAL_SYSTICK_Config
                0x080076ae       0x18 ./Drivers/STM32F1xx_HAL_Driver/Src/stm32f1xx_hal_cortex.o
                0x080076ae                HAL_SYSTICK_Config
 *fill*         0x080076c6        0x2 
 .text.HAL_GPIO_Init
                0x080076c8      0x328 ./Drivers/STM32F1xx_HAL_Driver/Src/stm32f1xx_hal_gpio.o
                0x080076c8                HAL_GPIO_Init
 .text.HAL_GPIO_WritePin
                0x080079f0       0x30 ./Drivers/STM32F1xx_HAL_Driver/Src/stm32f1xx_hal_gpio.o
                0x080079f0                HAL_GPIO_WritePin
 .text.HAL_RCC_OscConfig
                0x08007a20      0x504 ./Drivers/STM32F1xx_HAL_Driver/Src/stm32f1xx_hal_rcc.o
                0x08007a20                HAL_RCC_OscConfig
 .text.HAL_RCC_ClockConfig
                0x08007f24      0x1d4 ./Drivers/STM32F1xx_HAL_Driver/Src/stm32f1xx_hal_rcc.o
                0x08007f24                HAL_RCC_ClockConfig
 .text.HAL_RCC_GetSysClockFreq
                0x080080f8       0xbc ./Drivers/STM32F1xx_HAL_Driver/Src/stm32f1xx_hal_rcc.o
                0x080080f8                HAL_RCC_GetSysClockFreq
 .text.RCC_Delay
                0x080081b4       0x3c ./Drivers/STM32F1xx_HAL_Driver/Src/stm32f1xx_hal_rcc.o
 .text.memset   0x080081f0       0x10 /Applications/STM32CubeIDE.app/Contents/Eclipse/plugins/com.st.stm32cube.ide.mcu.externaltools.gnu-tools-for-stm32.12.3.rel1.macos64_1.0.200.202406191456/tools/bin/../lib/gcc/arm-none-eabi/12.3.1/../../../../arm-none-eabi/lib/thumb/v7-m/nofp/libc_nano.a(libc_a-memset.o)
                0x080081f0                memset
 .text.__libc_init_array
                0x08008200       0x48 /Applications/STM32CubeIDE.app/Contents/Eclipse/plugins/com.st.stm32cube.ide.mcu.externaltools.gnu-tools-for-stm32.12.3.rel1.macos64_1.0.200.202406191456/tools/bin/../lib/gcc/arm-none-eabi/12.3.1/../../../../arm-none-eabi/lib/thumb/v7-m/nofp/libc_nano.a(libc_a-init.o)
                0x08008200                __libc_init_array
 *(.glue_7)
 .glue_7        0x08008248        0x0 linker stubs
 *(.glue_7t)
 .glue_7t       0x08008248        0x0 linker stubs
 *(.eh_frame)
 .eh_frame      0x08008248        0x0 /Applications/STM32CubeIDE.app/Contents/Eclipse/plugins/com.st.stm32cube.ide.mcu.externaltools.gnu-tools-for-stm32.12.3.rel1.macos64_1.0.200.202406191456/tools/bin/../lib/gcc/arm-none-eabi/12.3.1/thumb/v7-m/nofp/crtbegin.o
 *(.init)
 .init          0x08008248        0x4 /Applications/STM32CubeIDE.app/Contents/Eclipse/plugins/com.st.stm32cube.ide.mcu.externaltools.gnu-tools-for-stm32.12.3.rel1.macos64_1.0.200.202406191456/tools/bin/../lib/gcc/arm-none-eabi/12.3.1/thumb/v7-m/nofp/crti.o
                0x08008248                _init
 .init          0x0800824c        0x8 /Applications/STM32CubeIDE.app/Contents/Eclipse/plugins/com.st.stm32cube.ide.mcu.externaltools.gnu-tools-for-stm32.12.3.rel1.macos64_1.0.200.202406191456/tools/bin/../lib/gcc/arm-none-eabi/12.3.1/thumb/v7-m/nofp/crtn.o
 *(.fini)
 .fini          0x08008254        0x4 /Applications/STM32CubeIDE.app/Contents/Eclipse/plugins/com.st.stm32cube.ide.mcu.externaltools.gnu-tools-for-stm32.12.3.rel1.macos64_1.0.200.202406191456/tools/bin/../lib/gcc/arm-none-eabi/12.3.1/thumb/v7-m/nofp/crti.o
                0x08008254                _fini
 .fini          0x08008258        0x8 /Applications/STM32CubeIDE.app/Contents/Eclipse/plugins/com.st.stm32cube.ide.mcu.externaltools.gnu-tools-for-stm32.12.3.rel1.macos64_1.0.200.202406191456/tools/bin/../lib/gcc/arm-none-eabi/12.3.1/thumb/v7-m/nofp/crtn.o
                0x08008260                        . = ALIGN (0x4)
                0x08008260                        _etext = .

.vfp11_veneer   0x08008260        0x0
 .vfp11_veneer  0x08008260        0x0 linker stubs

.v4_bx          0x08008260        0x0
 .v4_bx         0x08008260        0x0 linker stubs

.iplt           0x08008260        0x0
 .iplt          0x08008260        0x0 /Applications/STM32CubeIDE.app/Contents/Eclipse/plugins/com.st.stm32cube.ide.mcu.externaltools.gnu-tools-for-stm32.12.3.rel1.macos64_1.0.200.202406191456/tools/bin/../lib/gcc/arm-none-eabi/12.3.1/thumb/v7-m/nofp/crtbegin.o

.rodata         0x08008260     0x2fdc
                0x08008260                        . = ALIGN (0x4)
 *(.rodata)
 .rodata        0x08008260       0x39 ./Core/Src/main.o
 *fill*         0x08008299        0x3 
 .rodata        0x0800829c       0x10 ./Drivers/STM32F1xx_HAL_Driver/Src/stm32f1xx_hal_rcc.o
 *(.rodata*)
 .rodata.asc2_1206
                0x080082ac      0x474 ./Core/Src/lcd.o
                0x080082ac                asc2_1206
 .rodata.asc2_1608
                0x08008720      0x5f0 ./Core/Src/lcd.o
                0x08008720                asc2_1608
 .rodata.asc2_2412
                0x08008d10      0xd5c ./Core/Src/lcd.o
                0x08008d10                asc2_2412
 .rodata.asc2_3216
                0x08009a6c     0x17c0 ./Core/Src/lcd.o
                0x08009a6c                asc2_3216
 .rodata.AHBPrescTable
                0x0800b22c       0x10 ./Core/Src/system_stm32f1xx.o
                0x0800b22c                AHBPrescTable
                0x0800b23c                        . = ALIGN (0x4)

.ARM.extab      0x0800b23c        0x0
                0x0800b23c                        . = ALIGN (0x4)
 *(.ARM.extab* .gnu.linkonce.armextab.*)
                0x0800b23c                        . = ALIGN (0x4)

.ARM            0x0800b23c        0x0
                0x0800b23c                        . = ALIGN (0x4)
                0x0800b23c                        __exidx_start = .
 *(.ARM.exidx*)
                0x0800b23c                        __exidx_end = .
                0x0800b23c                        . = ALIGN (0x4)

.preinit_array  0x0800b23c        0x0
                0x0800b23c                        . = ALIGN (0x4)
                0x0800b23c                        PROVIDE (__preinit_array_start = .)
 *(.preinit_array*)
                0x0800b23c                        PROVIDE (__preinit_array_end = .)
                0x0800b23c                        . = ALIGN (0x4)

.init_array     0x0800b23c        0x4
                0x0800b23c                        . = ALIGN (0x4)
                0x0800b23c                        PROVIDE (__init_array_start = .)
 *(SORT_BY_NAME(.init_array.*))
 *(.init_array*)
 .init_array    0x0800b23c        0x4 /Applications/STM32CubeIDE.app/Contents/Eclipse/plugins/com.st.stm32cube.ide.mcu.externaltools.gnu-tools-for-stm32.12.3.rel1.macos64_1.0.200.202406191456/tools/bin/../lib/gcc/arm-none-eabi/12.3.1/thumb/v7-m/nofp/crtbegin.o
                0x0800b240                        PROVIDE (__init_array_end = .)
                0x0800b240                        . = ALIGN (0x4)

.fini_array     0x0800b240        0x4
                0x0800b240                        . = ALIGN (0x4)
                [!provide]                        PROVIDE (__fini_array_start = .)
 *(SORT_BY_NAME(.fini_array.*))
 *(.fini_array*)
 .fini_array    0x0800b240        0x4 /Applications/STM32CubeIDE.app/Contents/Eclipse/plugins/com.st.stm32cube.ide.mcu.externaltools.gnu-tools-for-stm32.12.3.rel1.macos64_1.0.200.202406191456/tools/bin/../lib/gcc/arm-none-eabi/12.3.1/thumb/v7-m/nofp/crtbegin.o
                [!provide]                        PROVIDE (__fini_array_end = .)
                0x0800b244                        . = ALIGN (0x4)
                0x0800b244                        _sidata = LOADADDR (.data)

.rel.dyn        0x0800b244        0x0
 .rel.iplt      0x0800b244        0x0 /Applications/STM32CubeIDE.app/Contents/Eclipse/plugins/com.st.stm32cube.ide.mcu.externaltools.gnu-tools-for-stm32.12.3.rel1.macos64_1.0.200.202406191456/tools/bin/../lib/gcc/arm-none-eabi/12.3.1/thumb/v7-m/nofp/crtbegin.o

.data           0x20000000       0x10 load address 0x0800b244
                0x20000000                        . = ALIGN (0x4)
                0x20000000                        _sdata = .
 *(.data)
 *(.data*)
 .data.g_back_color
                0x20000000        0x4 ./Core/Src/lcd.o
                0x20000000                g_back_color
 .data.SystemCoreClock
                0x20000004        0x4 ./Core/Src/system_stm32f1xx.o
                0x20000004                SystemCoreClock
 .data.uwTickPrio
                0x20000008        0x4 ./Drivers/STM32F1xx_HAL_Driver/Src/stm32f1xx_hal.o
                0x20000008                uwTickPrio
 .data.uwTickFreq
                0x2000000c        0x1 ./Drivers/STM32F1xx_HAL_Driver/Src/stm32f1xx_hal.o
                0x2000000c                uwTickFreq
 *(.RamFunc)
 *(.RamFunc*)
                0x20000010                        . = ALIGN (0x4)
 *fill*         0x2000000d        0x3 
                0x20000010                        _edata = .

.igot.plt       0x20000010        0x0 load address 0x0800b254
 .igot.plt      0x20000010        0x0 /Applications/STM32CubeIDE.app/Contents/Eclipse/plugins/com.st.stm32cube.ide.mcu.externaltools.gnu-tools-for-stm32.12.3.rel1.macos64_1.0.200.202406191456/tools/bin/../lib/gcc/arm-none-eabi/12.3.1/thumb/v7-m/nofp/crtbegin.o
                0x20000010                        . = ALIGN (0x4)

.bss            0x20000010       0x30 load address 0x0800b254
                0x20000010                        _sbss = .
                0x20000010                        __bss_start__ = _sbss
 *(.bss)
 .bss           0x20000010       0x1c /Applications/STM32CubeIDE.app/Contents/Eclipse/plugins/com.st.stm32cube.ide.mcu.externaltools.gnu-tools-for-stm32.12.3.rel1.macos64_1.0.200.202406191456/tools/bin/../lib/gcc/arm-none-eabi/12.3.1/thumb/v7-m/nofp/crtbegin.o
 *(.bss*)
 .bss.lcddev    0x2000002c        0xe ./Core/Src/lcd.o
                0x2000002c                lcddev
 *fill*         0x2000003a        0x2 
 .bss.uwTick    0x2000003c        0x4 ./Drivers/STM32F1xx_HAL_Driver/Src/stm32f1xx_hal.o
                0x2000003c                uwTick
 *(COMMON)
                0x20000040                        . = ALIGN (0x4)
                0x20000040                        _ebss = .
                0x20000040                        __bss_end__ = _ebss

._user_heap_stack
                0x20000040      0x600 load address 0x0800b254
                0x20000040                        . = ALIGN (0x8)
                [!provide]                        PROVIDE (end = .)
                0x20000040                        PROVIDE (_end = .)
                0x20000240                        . = (. + _Min_Heap_Size)
 *fill*         0x20000040      0x200 
                0x20000640                        . = (. + _Min_Stack_Size)
 *fill*         0x20000240      0x400 
                0x20000640                        . = ALIGN (0x8)

/DISCARD/
 libc.a(*)
 libm.a(*)
 libgcc.a(*)

.ARM.attributes
                0x00000000       0x29
 *(.ARM.attributes)
 .ARM.attributes
                0x00000000       0x1d /Applications/STM32CubeIDE.app/Contents/Eclipse/plugins/com.st.stm32cube.ide.mcu.externaltools.gnu-tools-for-stm32.12.3.rel1.macos64_1.0.200.202406191456/tools/bin/../lib/gcc/arm-none-eabi/12.3.1/thumb/v7-m/nofp/crti.o
 .ARM.attributes
                0x0000001d       0x2d /Applications/STM32CubeIDE.app/Contents/Eclipse/plugins/com.st.stm32cube.ide.mcu.externaltools.gnu-tools-for-stm32.12.3.rel1.macos64_1.0.200.202406191456/tools/bin/../lib/gcc/arm-none-eabi/12.3.1/thumb/v7-m/nofp/crtbegin.o
 .ARM.attributes
                0x0000004a       0x2d ./Core/Src/gpio.o
 .ARM.attributes
                0x00000077       0x2d ./Core/Src/lcd.o
 .ARM.attributes
                0x000000a4       0x2d ./Core/Src/main.o
 .ARM.attributes
                0x000000d1       0x2d ./Core/Src/stm32f1xx_hal_msp.o
 .ARM.attributes
                0x000000fe       0x2d ./Core/Src/stm32f1xx_it.o
 .ARM.attributes
                0x0000012b       0x2d ./Core/Src/system_stm32f1xx.o
 .ARM.attributes
                0x00000158       0x21 ./Core/Startup/startup_stm32f103rctx.o
 .ARM.attributes
                0x00000179       0x2d ./Drivers/STM32F1xx_HAL_Driver/Src/stm32f1xx_hal.o
 .ARM.attributes
                0x000001a6       0x2d ./Drivers/STM32F1xx_HAL_Driver/Src/stm32f1xx_hal_cortex.o
 .ARM.attributes
                0x000001d3       0x2d ./Drivers/STM32F1xx_HAL_Driver/Src/stm32f1xx_hal_gpio.o
 .ARM.attributes
                0x00000200       0x2d ./Drivers/STM32F1xx_HAL_Driver/Src/stm32f1xx_hal_rcc.o
 .ARM.attributes
                0x0000022d       0x2d /Applications/STM32CubeIDE.app/Contents/Eclipse/plugins/com.st.stm32cube.ide.mcu.externaltools.gnu-tools-for-stm32.12.3.rel1.macos64_1.0.200.202406191456/tools/bin/../lib/gcc/arm-none-eabi/12.3.1/../../../../arm-none-eabi/lib/thumb/v7-m/nofp/libc_nano.a(libc_a-memset.o)
 .ARM.attributes
                0x0000025a       0x2d /Applications/STM32CubeIDE.app/Contents/Eclipse/plugins/com.st.stm32cube.ide.mcu.externaltools.gnu-tools-for-stm32.12.3.rel1.macos64_1.0.200.202406191456/tools/bin/../lib/gcc/arm-none-eabi/12.3.1/../../../../arm-none-eabi/lib/thumb/v7-m/nofp/libc_nano.a(libc_a-init.o)
 .ARM.attributes
                0x00000287       0x1d /Applications/STM32CubeIDE.app/Contents/Eclipse/plugins/com.st.stm32cube.ide.mcu.externaltools.gnu-tools-for-stm32.12.3.rel1.macos64_1.0.200.202406191456/tools/bin/../lib/gcc/arm-none-eabi/12.3.1/thumb/v7-m/nofp/libgcc.a(_arm_muldf3.o)
 .ARM.attributes
                0x000002a4       0x1d /Applications/STM32CubeIDE.app/Contents/Eclipse/plugins/com.st.stm32cube.ide.mcu.externaltools.gnu-tools-for-stm32.12.3.rel1.macos64_1.0.200.202406191456/tools/bin/../lib/gcc/arm-none-eabi/12.3.1/thumb/v7-m/nofp/libgcc.a(_arm_addsubdf3.o)
 .ARM.attributes
                0x000002c1       0x1d /Applications/STM32CubeIDE.app/Contents/Eclipse/plugins/com.st.stm32cube.ide.mcu.externaltools.gnu-tools-for-stm32.12.3.rel1.macos64_1.0.200.202406191456/tools/bin/../lib/gcc/arm-none-eabi/12.3.1/thumb/v7-m/nofp/libgcc.a(_arm_fixunsdfsi.o)
 .ARM.attributes
                0x000002de       0x1d /Applications/STM32CubeIDE.app/Contents/Eclipse/plugins/com.st.stm32cube.ide.mcu.externaltools.gnu-tools-for-stm32.12.3.rel1.macos64_1.0.200.202406191456/tools/bin/../lib/gcc/arm-none-eabi/12.3.1/thumb/v7-m/nofp/crtn.o
OUTPUT(lcd.elf elf32-littlearm)
LOAD linker stubs
LOAD /Applications/STM32CubeIDE.app/Contents/Eclipse/plugins/com.st.stm32cube.ide.mcu.externaltools.gnu-tools-for-stm32.12.3.rel1.macos64_1.0.200.202406191456/tools/bin/../lib/gcc/arm-none-eabi/12.3.1/../../../../arm-none-eabi/lib/thumb/v7-m/nofp/libc.a
LOAD /Applications/STM32CubeIDE.app/Contents/Eclipse/plugins/com.st.stm32cube.ide.mcu.externaltools.gnu-tools-for-stm32.12.3.rel1.macos64_1.0.200.202406191456/tools/bin/../lib/gcc/arm-none-eabi/12.3.1/../../../../arm-none-eabi/lib/thumb/v7-m/nofp/libm.a
LOAD /Applications/STM32CubeIDE.app/Contents/Eclipse/plugins/com.st.stm32cube.ide.mcu.externaltools.gnu-tools-for-stm32.12.3.rel1.macos64_1.0.200.202406191456/tools/bin/../lib/gcc/arm-none-eabi/12.3.1/thumb/v7-m/nofp/libgcc.a

.debug_info     0x00000000     0x527d
 .debug_info    0x00000000      0x2b7 ./Core/Src/gpio.o
 .debug_info    0x000002b7     0x2626 ./Core/Src/lcd.o
 .debug_info    0x000028dd      0x45f ./Core/Src/main.o
 .debug_info    0x00002d3c      0x1f1 ./Core/Src/stm32f1xx_hal_msp.o
 .debug_info    0x00002f2d      0x113 ./Core/Src/stm32f1xx_it.o
 .debug_info    0x00003040      0x222 ./Core/Src/system_stm32f1xx.o
 .debug_info    0x00003262       0x30 ./Core/Startup/startup_stm32f103rctx.o
 .debug_info    0x00003292      0x76a ./Drivers/STM32F1xx_HAL_Driver/Src/stm32f1xx_hal.o
 .debug_info    0x000039fc      0xaed ./Drivers/STM32F1xx_HAL_Driver/Src/stm32f1xx_hal_cortex.o
 .debug_info    0x000044e9      0x5ab ./Drivers/STM32F1xx_HAL_Driver/Src/stm32f1xx_hal_gpio.o
 .debug_info    0x00004a94      0x7e9 ./Drivers/STM32F1xx_HAL_Driver/Src/stm32f1xx_hal_rcc.o

.debug_abbrev   0x00000000     0x12da
 .debug_abbrev  0x00000000      0x13f ./Core/Src/gpio.o
 .debug_abbrev  0x0000013f      0x363 ./Core/Src/lcd.o
 .debug_abbrev  0x000004a2      0x213 ./Core/Src/main.o
 .debug_abbrev  0x000006b5       0xdb ./Core/Src/stm32f1xx_hal_msp.o
 .debug_abbrev  0x00000790       0x73 ./Core/Src/stm32f1xx_it.o
 .debug_abbrev  0x00000803      0x13f ./Core/Src/system_stm32f1xx.o
 .debug_abbrev  0x00000942       0x24 ./Core/Startup/startup_stm32f103rctx.o
 .debug_abbrev  0x00000966      0x201 ./Drivers/STM32F1xx_HAL_Driver/Src/stm32f1xx_hal.o
 .debug_abbrev  0x00000b67      0x2f8 ./Drivers/STM32F1xx_HAL_Driver/Src/stm32f1xx_hal_cortex.o
 .debug_abbrev  0x00000e5f      0x1ca ./Drivers/STM32F1xx_HAL_Driver/Src/stm32f1xx_hal_gpio.o
 .debug_abbrev  0x00001029      0x2b1 ./Drivers/STM32F1xx_HAL_Driver/Src/stm32f1xx_hal_rcc.o

.debug_aranges  0x00000000      0x4e8
 .debug_aranges
                0x00000000       0x20 ./Core/Src/gpio.o
 .debug_aranges
                0x00000020      0x100 ./Core/Src/lcd.o
 .debug_aranges
                0x00000120       0x30 ./Core/Src/main.o
 .debug_aranges
                0x00000150       0x20 ./Core/Src/stm32f1xx_hal_msp.o
 .debug_aranges
                0x00000170       0x60 ./Core/Src/stm32f1xx_it.o
 .debug_aranges
                0x000001d0       0x28 ./Core/Src/system_stm32f1xx.o
 .debug_aranges
                0x000001f8       0x28 ./Core/Startup/startup_stm32f103rctx.o
 .debug_aranges
                0x00000220       0xe0 ./Drivers/STM32F1xx_HAL_Driver/Src/stm32f1xx_hal.o
 .debug_aranges
                0x00000300      0x100 ./Drivers/STM32F1xx_HAL_Driver/Src/stm32f1xx_hal_cortex.o
 .debug_aranges
                0x00000400       0x58 ./Drivers/STM32F1xx_HAL_Driver/Src/stm32f1xx_hal_gpio.o
 .debug_aranges
                0x00000458       0x90 ./Drivers/STM32F1xx_HAL_Driver/Src/stm32f1xx_hal_rcc.o

.debug_rnglists
                0x00000000      0x399
 .debug_rnglists
                0x00000000       0x14 ./Core/Src/gpio.o
 .debug_rnglists
                0x00000014       0xd2 ./Core/Src/lcd.o
 .debug_rnglists
                0x000000e6       0x21 ./Core/Src/main.o
 .debug_rnglists
                0x00000107       0x13 ./Core/Src/stm32f1xx_hal_msp.o
 .debug_rnglists
                0x0000011a       0x43 ./Core/Src/stm32f1xx_it.o
 .debug_rnglists
                0x0000015d       0x1a ./Core/Src/system_stm32f1xx.o
 .debug_rnglists
                0x00000177       0x19 ./Core/Startup/startup_stm32f103rctx.o
 .debug_rnglists
                0x00000190       0xa3 ./Drivers/STM32F1xx_HAL_Driver/Src/stm32f1xx_hal.o
 .debug_rnglists
                0x00000233       0xbb ./Drivers/STM32F1xx_HAL_Driver/Src/stm32f1xx_hal_cortex.o
 .debug_rnglists
                0x000002ee       0x3f ./Drivers/STM32F1xx_HAL_Driver/Src/stm32f1xx_hal_gpio.o
 .debug_rnglists
                0x0000032d       0x6c ./Drivers/STM32F1xx_HAL_Driver/Src/stm32f1xx_hal_rcc.o

.debug_macro    0x00000000    0x18ae7
 .debug_macro   0x00000000      0x19d ./Core/Src/gpio.o
 .debug_macro   0x0000019d      0xaa8 ./Core/Src/gpio.o
 .debug_macro   0x00000c45      0x20f ./Core/Src/gpio.o
 .debug_macro   0x00000e54       0x2e ./Core/Src/gpio.o
 .debug_macro   0x00000e82       0x22 ./Core/Src/gpio.o
 .debug_macro   0x00000ea4       0x22 ./Core/Src/gpio.o
 .debug_macro   0x00000ec6       0x8e ./Core/Src/gpio.o
 .debug_macro   0x00000f54       0x51 ./Core/Src/gpio.o
 .debug_macro   0x00000fa5      0x103 ./Core/Src/gpio.o
 .debug_macro   0x000010a8       0x6a ./Core/Src/gpio.o
 .debug_macro   0x00001112      0x1df ./Core/Src/gpio.o
 .debug_macro   0x000012f1       0x1c ./Core/Src/gpio.o
 .debug_macro   0x0000130d       0x22 ./Core/Src/gpio.o
 .debug_macro   0x0000132f       0xbd ./Core/Src/gpio.o
 .debug_macro   0x000013ec      0xd23 ./Core/Src/gpio.o
 .debug_macro   0x0000210f     0xfd8c ./Core/Src/gpio.o
 .debug_macro   0x00011e9b       0x6d ./Core/Src/gpio.o
 .debug_macro   0x00011f08     0x3468 ./Core/Src/gpio.o
 .debug_macro   0x00015370      0x189 ./Core/Src/gpio.o
 .debug_macro   0x000154f9       0x5c ./Core/Src/gpio.o
 .debug_macro   0x00015555      0x5be ./Core/Src/gpio.o
 .debug_macro   0x00015b13      0x4d5 ./Core/Src/gpio.o
 .debug_macro   0x00015fe8      0x1cb ./Core/Src/gpio.o
 .debug_macro   0x000161b3      0x114 ./Core/Src/gpio.o
 .debug_macro   0x000162c7      0x1ea ./Core/Src/gpio.o
 .debug_macro   0x000164b1       0x27 ./Core/Src/gpio.o
 .debug_macro   0x000164d8      0x144 ./Core/Src/gpio.o
 .debug_macro   0x0001661c      0x1bc ./Core/Src/gpio.o
 .debug_macro   0x000167d8       0x30 ./Core/Src/gpio.o
 .debug_macro   0x00016808       0x3c ./Core/Src/gpio.o
 .debug_macro   0x00016844       0x57 ./Core/Src/gpio.o
 .debug_macro   0x0001689b       0x88 ./Core/Src/gpio.o
 .debug_macro   0x00016923      0x24f ./Core/Src/gpio.o
 .debug_macro   0x00016b72      0x141 ./Core/Src/gpio.o
 .debug_macro   0x00016cb3       0xb5 ./Core/Src/gpio.o
 .debug_macro   0x00016d68       0x34 ./Core/Src/gpio.o
 .debug_macro   0x00016d9c      0x272 ./Core/Src/lcd.o
 .debug_macro   0x0001700e       0x24 ./Core/Src/lcd.o
 .debug_macro   0x00017032       0x5b ./Core/Src/lcd.o
 .debug_macro   0x0001708d       0x94 ./Core/Src/lcd.o
 .debug_macro   0x00017121       0x43 ./Core/Src/lcd.o
 .debug_macro   0x00017164       0x34 ./Core/Src/lcd.o
 .debug_macro   0x00017198       0x16 ./Core/Src/lcd.o
 .debug_macro   0x000171ae      0x11c ./Core/Src/lcd.o
 .debug_macro   0x000172ca       0x94 ./Core/Src/lcd.o
 .debug_macro   0x0001735e       0x16 ./Core/Src/lcd.o
 .debug_macro   0x00017374       0x43 ./Core/Src/lcd.o
 .debug_macro   0x000173b7       0x57 ./Core/Src/lcd.o
 .debug_macro   0x0001740e       0x34 ./Core/Src/lcd.o
 .debug_macro   0x00017442       0x10 ./Core/Src/lcd.o
 .debug_macro   0x00017452       0x58 ./Core/Src/lcd.o
 .debug_macro   0x000174aa       0x8e ./Core/Src/lcd.o
 .debug_macro   0x00017538       0x1c ./Core/Src/lcd.o
 .debug_macro   0x00017554      0x177 ./Core/Src/lcd.o
 .debug_macro   0x000176cb      0x369 ./Core/Src/lcd.o
 .debug_macro   0x00017a34       0x16 ./Core/Src/lcd.o
 .debug_macro   0x00017a4a       0x29 ./Core/Src/lcd.o
 .debug_macro   0x00017a73       0x56 ./Core/Src/lcd.o
 .debug_macro   0x00017ac9      0x1a7 ./Core/Src/lcd.o
 .debug_macro   0x00017c70      0x27c ./Core/Src/main.o
 .debug_macro   0x00017eec       0x61 ./Core/Src/main.o
 .debug_macro   0x00017f4d       0x35 ./Core/Src/main.o
 .debug_macro   0x00017f82      0x193 ./Core/Src/stm32f1xx_hal_msp.o
 .debug_macro   0x00018115      0x19d ./Core/Src/stm32f1xx_it.o
 .debug_macro   0x000182b2      0x184 ./Core/Src/system_stm32f1xx.o
 .debug_macro   0x00018436      0x1a8 ./Drivers/STM32F1xx_HAL_Driver/Src/stm32f1xx_hal.o
 .debug_macro   0x000185de      0x184 ./Drivers/STM32F1xx_HAL_Driver/Src/stm32f1xx_hal_cortex.o
 .debug_macro   0x00018762      0x1ef ./Drivers/STM32F1xx_HAL_Driver/Src/stm32f1xx_hal_gpio.o
 .debug_macro   0x00018951      0x196 ./Drivers/STM32F1xx_HAL_Driver/Src/stm32f1xx_hal_rcc.o

.debug_line     0x00000000     0x75c5
 .debug_line    0x00000000      0x681 ./Core/Src/gpio.o
 .debug_line    0x00000681     0x2719 ./Core/Src/lcd.o
 .debug_line    0x00002d9a      0x8d8 ./Core/Src/main.o
 .debug_line    0x00003672      0x652 ./Core/Src/stm32f1xx_hal_msp.o
 .debug_line    0x00003cc4      0x713 ./Core/Src/stm32f1xx_it.o
 .debug_line    0x000043d7      0x6cf ./Core/Src/system_stm32f1xx.o
 .debug_line    0x00004aa6       0x79 ./Core/Startup/startup_stm32f103rctx.o
 .debug_line    0x00004b1f      0x8fc ./Drivers/STM32F1xx_HAL_Driver/Src/stm32f1xx_hal.o
 .debug_line    0x0000541b      0xae8 ./Drivers/STM32F1xx_HAL_Driver/Src/stm32f1xx_hal_cortex.o
 .debug_line    0x00005f03      0x9bb ./Drivers/STM32F1xx_HAL_Driver/Src/stm32f1xx_hal_gpio.o
 .debug_line    0x000068be      0xd07 ./Drivers/STM32F1xx_HAL_Driver/Src/stm32f1xx_hal_rcc.o

.debug_str      0x00000000    0x8dac0
 .debug_str     0x00000000    0x88c7c ./Core/Src/gpio.o
                              0x89079 (size before relaxing)
 .debug_str     0x00088c7c     0x3c5b ./Core/Src/lcd.o
                              0x8cc99 (size before relaxing)
 .debug_str     0x0008c8d7      0x1be ./Core/Src/main.o
                              0x8cb2a (size before relaxing)
 .debug_str     0x0008ca95       0x2c ./Core/Src/stm32f1xx_hal_msp.o
                              0x89001 (size before relaxing)
 .debug_str     0x0008cac1       0xc9 ./Core/Src/stm32f1xx_it.o
                              0x89016 (size before relaxing)
 .debug_str     0x0008cb8a       0x7e ./Core/Src/system_stm32f1xx.o
                              0x88f87 (size before relaxing)
 .debug_str     0x0008cc08       0x44 ./Core/Startup/startup_stm32f103rctx.o
                                 0xb1 (size before relaxing)
 .debug_str     0x0008cc4c      0x69f ./Drivers/STM32F1xx_HAL_Driver/Src/stm32f1xx_hal.o
                              0x8979e (size before relaxing)
 .debug_str     0x0008d2eb      0x2bb ./Drivers/STM32F1xx_HAL_Driver/Src/stm32f1xx_hal_cortex.o
                              0x896ea (size before relaxing)
 .debug_str     0x0008d5a6      0x2f1 ./Drivers/STM32F1xx_HAL_Driver/Src/stm32f1xx_hal_gpio.o
                              0x8930d (size before relaxing)
 .debug_str     0x0008d897      0x229 ./Drivers/STM32F1xx_HAL_Driver/Src/stm32f1xx_hal_rcc.o
                              0x893b6 (size before relaxing)

.comment        0x00000000       0x43
 .comment       0x00000000       0x43 ./Core/Src/gpio.o
                                 0x44 (size before relaxing)
 .comment       0x00000043       0x44 ./Core/Src/lcd.o
 .comment       0x00000043       0x44 ./Core/Src/main.o
 .comment       0x00000043       0x44 ./Core/Src/stm32f1xx_hal_msp.o
 .comment       0x00000043       0x44 ./Core/Src/stm32f1xx_it.o
 .comment       0x00000043       0x44 ./Core/Src/system_stm32f1xx.o
 .comment       0x00000043       0x44 ./Drivers/STM32F1xx_HAL_Driver/Src/stm32f1xx_hal.o
 .comment       0x00000043       0x44 ./Drivers/STM32F1xx_HAL_Driver/Src/stm32f1xx_hal_cortex.o
 .comment       0x00000043       0x44 ./Drivers/STM32F1xx_HAL_Driver/Src/stm32f1xx_hal_gpio.o
 .comment       0x00000043       0x44 ./Drivers/STM32F1xx_HAL_Driver/Src/stm32f1xx_hal_rcc.o

.debug_frame    0x00000000     0x12dc
 .debug_frame   0x00000000       0x34 ./Core/Src/gpio.o
 .debug_frame   0x00000034      0x48c ./Core/Src/lcd.o
 .debug_frame   0x000004c0       0x78 ./Core/Src/main.o
 .debug_frame   0x00000538       0x38 ./Core/Src/stm32f1xx_hal_msp.o
 .debug_frame   0x00000570      0x104 ./Core/Src/stm32f1xx_it.o
 .debug_frame   0x00000674       0x58 ./Core/Src/system_stm32f1xx.o
 .debug_frame   0x000006cc      0x334 ./Drivers/STM32F1xx_HAL_Driver/Src/stm32f1xx_hal.o
 .debug_frame   0x00000a00      0x428 ./Drivers/STM32F1xx_HAL_Driver/Src/stm32f1xx_hal_cortex.o
 .debug_frame   0x00000e28      0x14c ./Drivers/STM32F1xx_HAL_Driver/Src/stm32f1xx_hal_gpio.o
 .debug_frame   0x00000f74      0x21c ./Drivers/STM32F1xx_HAL_Driver/Src/stm32f1xx_hal_rcc.o
 .debug_frame   0x00001190       0x20 /Applications/STM32CubeIDE.app/Contents/Eclipse/plugins/com.st.stm32cube.ide.mcu.externaltools.gnu-tools-for-stm32.12.3.rel1.macos64_1.0.200.202406191456/tools/bin/../lib/gcc/arm-none-eabi/12.3.1/../../../../arm-none-eabi/lib/thumb/v7-m/nofp/libc_nano.a(libc_a-memset.o)
 .debug_frame   0x000011b0       0x2c /Applications/STM32CubeIDE.app/Contents/Eclipse/plugins/com.st.stm32cube.ide.mcu.externaltools.gnu-tools-for-stm32.12.3.rel1.macos64_1.0.200.202406191456/tools/bin/../lib/gcc/arm-none-eabi/12.3.1/../../../../arm-none-eabi/lib/thumb/v7-m/nofp/libc_nano.a(libc_a-init.o)
 .debug_frame   0x000011dc       0x30 /Applications/STM32CubeIDE.app/Contents/Eclipse/plugins/com.st.stm32cube.ide.mcu.externaltools.gnu-tools-for-stm32.12.3.rel1.macos64_1.0.200.202406191456/tools/bin/../lib/gcc/arm-none-eabi/12.3.1/thumb/v7-m/nofp/libgcc.a(_arm_muldf3.o)
 .debug_frame   0x0000120c       0xac /Applications/STM32CubeIDE.app/Contents/Eclipse/plugins/com.st.stm32cube.ide.mcu.externaltools.gnu-tools-for-stm32.12.3.rel1.macos64_1.0.200.202406191456/tools/bin/../lib/gcc/arm-none-eabi/12.3.1/thumb/v7-m/nofp/libgcc.a(_arm_addsubdf3.o)
 .debug_frame   0x000012b8       0x24 /Applications/STM32CubeIDE.app/Contents/Eclipse/plugins/com.st.stm32cube.ide.mcu.externaltools.gnu-tools-for-stm32.12.3.rel1.macos64_1.0.200.202406191456/tools/bin/../lib/gcc/arm-none-eabi/12.3.1/thumb/v7-m/nofp/libgcc.a(_arm_fixunsdfsi.o)

.debug_line_str
                0x00000000       0x95
 .debug_line_str
                0x00000000       0x95 ./Core/Startup/startup_stm32f103rctx.o
